---
source: crates/vtxjit/src/test.rs
expression: disasm
---
  pushq %rbp
  movq %rsp, %rbp
  subq $0x40, %rsp
  movq %rbx, 0x10(%rsp)
  movq %r12, 0x18(%rsp)
  movq %r13, 0x20(%rsp)
  movq %r14, 0x28(%rsp)
  movq %r15, 0x30(%rsp)
block0:
  movq %r9, <offset:1>+(%rsp)
  movq <offset:0>+-0x10(%rbp), %r12
  uninit  %r13
  xorl %r13d, %r13d
  jmp     label1
block1:
  cmpl %r12d, %r13d
  jb      label3; j label2
block3:
  movq %rdx, %r14
  movzbq (%r14), %rax
  movq %r8, %r15
  movb %al, 0x80(%r15)
  movq 1(%r14), %rax
  movq %rax, 0x60(%r15)
  movq %rcx, %rbx
  movdqu (%rbx), %xmm0
  movdqu (%rip), %xmm1
  paddusb (%rip), %xmm1
  load_ext_name %X86Pshufb+0, %rax
  call    *%rax
  psrad $0x10, %xmm0
  cvtdq2ps %xmm0, %xmm0
  movups (%rip), %xmm1
  mulps %xmm1, %xmm0
  movss %xmm0, 0x68(%r15)
  pshufd $0x1, %xmm0, %xmm1
  movss %xmm1, 0x6c(%r15)
  pshufd $0x2, %xmm0, %xmm0
  movss %xmm0, 0x70(%r15)
  movdqu 6(%rbx), %xmm0
  movdqu (%rip), %xmm1
  paddusb (%rip), %xmm1
  load_ext_name %X86Pshufb+0, %rax
  call    *%rax
  movdqu (%rip), %xmm2
  pshufd $0x31, %xmm0, %xmm1
  pshufd $0x31, %xmm2, %xmm3
  pmuludq %xmm2, %xmm0
  pshufd $0x8, %xmm0, %xmm0
  pmuludq %xmm3, %xmm1
  pshufd $0x8, %xmm1, %xmm1
  punpckldq %xmm1, %xmm0
  psrld $0xb, %xmm0
  movdqu (%rip), %xmm1
  pand %xmm1, %xmm0
  movdqa %xmm0, %xmm1
  pslld $0x10, %xmm1
  psrld $0x10, %xmm1
  psubd %xmm1, %xmm0
  cvtdq2ps %xmm1, %xmm1
  psrld $0x1, %xmm0
  cvtdq2ps %xmm0, %xmm0
  addps %xmm0, %xmm0
  addps %xmm1, %xmm0
  movups (%rip), %xmm1
  mulps %xmm1, %xmm0
  movl $0x3f800000, %eax
  movd %eax, %xmm1
  shufps $0xe4, %xmm0, %xmm1
  shufps $0x24, %xmm1, %xmm0
  movups %xmm0, 0x40(%r15)
  leaq 8(%rbx), %rbx
  leaq 0x84(%r15), %r15
  leal 1(%r13), %r13d
  movq %rbx, %rcx
  movq %r14, %rdx
  movq %r15, %r8
  jmp     label1
block2:
  movq <offset:1>+(%rsp), %rax
  movdqu (%rax), %xmm0
  uninit  %rcx
  xorq %rcx, %rcx
  movq %rcx, %xmm2
  movl $0x1, %esi
  movq %rdx, %r14
  movzbq (%r14), %rcx
  movq %rsi, %rdx
  shlq %cl, %rdx
  movq %rdx, %xmm1
  por %xmm1, %xmm2
  uninit  %xmm1
  pxor %xmm1, %xmm1
  movzbq %cl, %rcx
  andq $0x1f, %rcx
  leaq 0x40(%rcx), %rcx
  shlq %cl, %rsi
  movq %rsi, %xmm3
  punpcklqdq %xmm3, %xmm1
  por %xmm1, %xmm2
  por %xmm2, %xmm0
  movdqu %xmm0, (%rax)
  movq 0x10(%rsp), %rbx
  movq 0x18(%rsp), %r12
  movq 0x20(%rsp), %r13
  movq 0x28(%rsp), %r14
  movq 0x30(%rsp), %r15
  addq $0x40, %rsp
  movq %rbp, %rsp
  popq %rbp
  retq
