---
source: crates/ppcjit/src/test.rs
expression: disasm
---
  stp fp, lr, [sp, #-16]!
  unwind PushFrameRegs { offset_upward_to_caller_sp: 16 }
  mov fp, sp
  unwind DefineNewFrame { offset_upward_to_caller_sp: 16, offset_downward_to_clobbers: 32 }
  str x28, [sp, #-16]!
  unwind SaveReg { clobber_offset: 16, reg: p28i }
  stp x19, x26, [sp, #-16]!
  unwind SaveReg { clobber_offset: 0, reg: p19i }
  unwind SaveReg { clobber_offset: 8, reg: p26i }
  sub sp, sp, #16
  unwind StackAlloc { size: 16 }
block0:
  mov x19, x2
  mov x26, x4
  mov x28, x3
  ldr w0, [x3, #680]
  lsr w0, w0, #13
  tbnz x0, #0, label4 ; b label1
block3:
  mov x2, x19
  mov x3, x28
  mov x4, x26
  return_call_ind x1 new_stack_arg_size:0 x2=x2 x3=x3 x4=x4
block4:
  mov x3, x28
  ldr q31, [x3, #136]
  ldr q0, [x3, #152]
  ldr w0, [x3, #652]
  ldr w1, [x3]
  ldr q1, [x3, #168]
  ldr q2, [x3, #184]
  ldr q5, [x3, #200]
  add w1, w1, #16
  str w1, [x3]
  fadd v4.2d, v31.2d, v0.2d
  fadd v3.2d, v4.2d, v1.2d
  fadd v2.2d, v3.2d, v2.2d
  fadd v0.2d, v2.2d, v5.2d
  str q0, [x3, #136]
  and w0, w0, #4294840319
  movi v1.2s, #0
  fcmp d4, d1
  cset x1, mi
  uxtb w1, w1
  fcmp d4, d1
  cset x2, gt
  uxtb w2, w2
  lsl w2, w2, #14
  orr w1, w2, w1, LSL 15
  fcmp d4, d1
  cset x2, eq
  uxtb w2, w2
  orr w1, w1, w2, LSL 13
  fcmp d4, d1
  cset x2, vs
  uxtb w2, w2
  orr w1, w1, w2, LSL 12
  orr w0, w0, w1
  and w0, w0, #4294840319
  fcmp d3, d1
  cset x1, mi
  uxtb w1, w1
  fcmp d3, d1
  cset x2, gt
  uxtb w2, w2
  lsl w2, w2, #14
  orr w1, w2, w1, LSL 15
  fcmp d3, d1
  cset x2, eq
  uxtb w2, w2
  orr w1, w1, w2, LSL 13
  fcmp d3, d1
  cset x2, vs
  uxtb w2, w2
  orr w1, w1, w2, LSL 12
  orr w0, w0, w1
  and w0, w0, #4294840319
  fcmp d2, d1
  cset x1, mi
  uxtb w1, w1
  fcmp d2, d1
  cset x2, gt
  uxtb w2, w2
  lsl w2, w2, #14
  orr w1, w2, w1, LSL 15
  fcmp d2, d1
  cset x2, eq
  uxtb w2, w2
  orr w1, w1, w2, LSL 13
  fcmp d2, d1
  cset x2, vs
  uxtb w2, w2
  orr w1, w1, w2, LSL 12
  orr w0, w0, w1
  and w0, w0, #4294840319
  fcmp d0, d1
  cset x1, mi
  uxtb w1, w1
  fcmp d0, d1
  cset x2, gt
  uxtb w2, w2
  lsl w2, w2, #14
  orr w1, w2, w1, LSL 15
  fcmp d0, d1
  cset x2, eq
  uxtb w2, w2
  orr w1, w1, w2, LSL 13
  fcmp d0, d1
  cset x2, vs
  uxtb w2, w2
  orr w1, w1, w2, LSL 12
  orr w0, w0, w1
  str w0, [x3, #652]
  load_ext_name_far x1, User(userextname23)+0
  movz x2, #0
  movz w3, #4
  movk w3, w3, #8, LSL #16
  load_ext_name_far x4, User(userextname1)+0
  mov x0, x19
  blr x4
  subs xzr, x0, #0
  mov x1, x0
  b.ne label6 ; b label5
block6:
  mov x2, x19
  mov x3, x28
  mov x4, x26
  return_call_ind x1 new_stack_arg_size:0 x2=x2 x3=x3 x4=x4
block1:
  movz w1, #2048
  load_ext_name_far x2, User(userextname0)+0
  mov x0, x28
  blr x2
  load_ext_name_far x1, User(userextname22)+0
  movz x2, #0
  movz w3, #1
  movk w3, w3, #2, LSL #16
  load_ext_name_far x4, User(userextname1)+0
  mov x0, x19
  blr x4
  subs xzr, x0, #0
  mov x1, x0
  b.ne label3 ; b label2
block2:
  add sp, sp, #16
  ldp x19, x26, [sp], #16
  ldr x28, [sp], #16
  ldp fp, lr, [sp], #16
  ret
block5:
  add sp, sp, #16
  ldp x19, x26, [sp], #16
  ldr x28, [sp], #16
  ldp fp, lr, [sp], #16
  ret
