---
source: crates/ppcjit/src/test.rs
expression: disasm
---
  pushq %rbp
  unwind PushFrameRegs { offset_upward_to_caller_sp: 16 }
  movq %rsp, %rbp
  unwind DefineNewFrame { offset_upward_to_caller_sp: 16, offset_downward_to_clobbers: 48 }
  subq $0xd0, %rsp
  movq %rbx, 0xa0(%rsp)
  unwind SaveReg { clobber_offset: 0, reg: p3i }
  movq %r12, 0xa8(%rsp)
  unwind SaveReg { clobber_offset: 8, reg: p12i }
  movq %r13, 0xb0(%rsp)
  unwind SaveReg { clobber_offset: 16, reg: p13i }
  movq %r14, 0xb8(%rsp)
  unwind SaveReg { clobber_offset: 24, reg: p14i }
  movq %r15, 0xc0(%rsp)
  unwind SaveReg { clobber_offset: 32, reg: p15i }
block0:
  movq %rdi, <offset:1>+8(%rsp)
  movq %rsi, <offset:1>+0x10(%rsp)
  movq %rdx, <offset:1>+0x18(%rsp)
  movl 0x2a8(%rsi), %eax
  shrl $0xd, %eax
  testb $0x1, %al
  jnz     label4; j label1
block3:
  movq <offset:1>+0x18(%rsp), %rdx
  movq <offset:1>+0x10(%rsp), %rsi
  movq <offset:1>+8(%rsp), %rdi
  return_call_unknown %r10 (0) tmp=%r11 %rdi=%rdi %rsi=%rsi %rdx=%rdx
block4:
  movq <offset:1>+0x10(%rsp), %rsi
  movl 0x14(%rsi), %ecx
  movq %rcx, <offset:1>+0x98(%rsp)
  movl 0x368(%rsi), %edx
  movq %rdx, %r12
  leaq <offset:1>+(%rsp), %rcx
  movq %rcx, <offset:1>+0x90(%rsp)
  load_ext_name userextname10+0, %rax
  movq <offset:1>+0x98(%rsp), %rsi
  movq <offset:1>+8(%rsp), %rdi
  call    *%rax
  testb %al, %al
  jnz     label8; j label5
block7:
  movq <offset:1>+0x18(%rsp), %rdx
  movq <offset:1>+0x10(%rsp), %rsi
  movq <offset:1>+8(%rsp), %rdi
  return_call_unknown %r10 (0) tmp=%r11 %rdi=%rdi %rsi=%rsi %rdx=%rdx
block8:
  vmovsd <offset:1>+(%rsp), %xmm0
  movdqu %xmm0, <offset:1>+0x48(%rsp)
  movzbl %al, %eax
  movq <offset:1>+0x98(%rsp), %rcx
  leal (%rcx, %rax), %ebx
  load_ext_name userextname10+0, %rax
  movq %r12, %rdx
  movq <offset:1>+0x90(%rsp), %rcx
  movq %rbx, %rsi
  movq <offset:1>+8(%rsp), %rdi
  call    *%rax
  testb %al, %al
  jnz     label12; j label9
block11:
  movq <offset:1>+0x18(%rsp), %rdx
  movq <offset:1>+0x10(%rsp), %rsi
  movq <offset:1>+8(%rsp), %rdi
  return_call_unknown %r10 (0) tmp=%r11 %rdi=%rdi %rsi=%rsi %rdx=%rdx
block12:
  vmovsd <offset:1>+(%rsp), %xmm0
  movq <offset:1>+0x10(%rsp), %rsi
  movdqu %xmm0, <offset:1>+0x38(%rsp)
  movl (%rsi), %ebx
  movl 0x18(%rsi), %r12d
  movl 0x368(%rsi), %edx
  movq %rdx, %r14
  load_ext_name userextname10+0, %rax
  movq <offset:1>+0x90(%rsp), %rcx
  movq %r12, %rsi
  movq <offset:1>+8(%rsp), %rdi
  call    *%rax
  testb %al, %al
  jnz     label16; j label13
block15:
  movq <offset:1>+0x18(%rsp), %rdx
  movq <offset:1>+0x10(%rsp), %rsi
  movq <offset:1>+8(%rsp), %rdi
  return_call_unknown %r10 (0) tmp=%r11 %rdi=%rdi %rsi=%rsi %rdx=%rdx
block16:
  vmovsd <offset:1>+(%rsp), %xmm6
  movdqu %xmm6, <offset:1>+0x28(%rsp)
  movzbl %al, %esi
  leal (%r12, %rsi), %r13d
  load_ext_name userextname10+0, %r8
  movq %r14, %rdx
  movq <offset:1>+0x90(%rsp), %rcx
  movq %r13, %rsi
  movq <offset:1>+8(%rsp), %rdi
  call    *%r8
  testb %al, %al
  jnz     label20; j label17
block19:
  movq <offset:1>+0x18(%rsp), %rdx
  movq <offset:1>+0x10(%rsp), %rsi
  movq <offset:1>+8(%rsp), %rdi
  return_call_unknown %r10 (0) tmp=%r11 %rdi=%rdi %rsi=%rsi %rdx=%rdx
block20:
  movdqu <offset:1>+0x38(%rsp), %xmm1
  movdqu <offset:1>+0x48(%rsp), %xmm2
  vmovsd <offset:1>+(%rsp), %xmm0
  movq <offset:1>+0x10(%rsp), %rsi
  movl 0x28c(%rsi), %r13d
  movl 0x1c(%rsi), %r15d
  movl 0x368(%rsi), %edx
  movq %rdx, <offset:1>+0x88(%rsp)
  uninit  %xmm3
  vxorpd %xmm3, %xmm3, %xmm3
  vmovsd %xmm2, %xmm3, %xmm2
  vmovlhps %xmm1, %xmm2, %xmm1
  uninit  %xmm2
  vxorpd %xmm2, %xmm2, %xmm2
  movdqu <offset:1>+0x28(%rsp), %xmm6
  vmovsd %xmm6, %xmm2, %xmm2
  vmovlhps %xmm0, %xmm2, %xmm0
  vaddpd %xmm0, %xmm1, %xmm2
  movdqu %xmm2, <offset:1>+0x58(%rsp)
  movdqu %xmm0, <offset:1>+0x68(%rsp)
  movdqu %xmm1, <offset:1>+0x78(%rsp)
  load_ext_name userextname11+0, %rax
  movq %r15, %rsi
  movq <offset:1>+8(%rsp), %rdi
  movdqu <offset:1>+0x58(%rsp), %xmm0
  call    *%rax
  testb %al, %al
  jnz     label24; j label21
block23:
  movq <offset:1>+0x18(%rsp), %rdx
  movq <offset:1>+0x10(%rsp), %rsi
  movq <offset:1>+8(%rsp), %rdi
  return_call_unknown %r10 (0) tmp=%r11 %rdi=%rdi %rsi=%rsi %rdx=%rdx
block24:
  movzbl %al, %eax
  leal (%r15, %rax), %r14d
  movdqu <offset:1>+0x58(%rsp), %xmm0
  vpshufd $0xee, %xmm0, %xmm0
  load_ext_name userextname11+0, %rax
  movq <offset:1>+0x88(%rsp), %rdx
  movq %r14, %rsi
  movq <offset:1>+8(%rsp), %rdi
  call    *%rax
  testb %al, %al
  jnz     label28; j label25
block27:
  movq <offset:1>+0x18(%rsp), %rdx
  movq <offset:1>+0x10(%rsp), %rsi
  movq <offset:1>+8(%rsp), %rdi
  return_call_unknown %r10 (0) tmp=%r11 %rdi=%rdi %rsi=%rsi %rdx=%rdx
block28:
  movq <offset:1>+0x10(%rsp), %rsi
  movl 0x368(%rsi), %edx
  movq <offset:1>+0x98(%rsp), %rcx
  leal 8(%rcx), %esi
  load_ext_name userextname10+0, %rax
  movq <offset:1>+0x90(%rsp), %rcx
  movq <offset:1>+8(%rsp), %rdi
  call    *%rax
  testb %al, %al
  jnz     label32; j label29
block31:
  movq <offset:1>+0x18(%rsp), %rdx
  movq <offset:1>+0x10(%rsp), %rsi
  movq <offset:1>+8(%rsp), %rdi
  return_call_unknown %r10 (0) tmp=%r11 %rdi=%rdi %rsi=%rsi %rdx=%rdx
block32:
  vmovsd <offset:1>+(%rsp), %xmm0
  movq <offset:1>+0x10(%rsp), %rsi
  movdqu %xmm0, <offset:1>+0x48(%rsp)
  movl 0x368(%rsi), %edx
  leal 8(%r12), %r12d
  load_ext_name userextname10+0, %rax
  movq <offset:1>+0x90(%rsp), %rcx
  movq %r12, %rsi
  movq <offset:1>+8(%rsp), %rdi
  call    *%rax
  testb %al, %al
  jnz     label36; j label33
block35:
  movq <offset:1>+0x18(%rsp), %rdx
  movq <offset:1>+0x10(%rsp), %rsi
  movq <offset:1>+8(%rsp), %rdi
  return_call_unknown %r10 (0) tmp=%r11 %rdi=%rdi %rsi=%rsi %rdx=%rdx
block36:
  movdqu <offset:1>+0x48(%rsp), %xmm1
  vmovsd <offset:1>+(%rsp), %xmm0
  movq <offset:1>+0x10(%rsp), %rsi
  movl 0x368(%rsi), %edx
  leal 8(%r15), %r12d
  uninit  %xmm2
  vxorpd %xmm2, %xmm2, %xmm2
  vmovsd %xmm1, %xmm2, %xmm1
  movabsq $0x3ff0000000000000, %rax
  vmovq %rax, %xmm2
  vmovlhps %xmm2, %xmm1, %xmm1
  uninit  %xmm3
  vxorpd %xmm3, %xmm3, %xmm3
  vmovsd %xmm0, %xmm3, %xmm0
  vmovlhps %xmm2, %xmm0, %xmm0
  vaddpd %xmm0, %xmm1, %xmm2
  movdqu %xmm2, <offset:1>+0x28(%rsp)
  movdqu %xmm0, <offset:1>+0x38(%rsp)
  movdqu %xmm1, <offset:1>+0x48(%rsp)
  load_ext_name userextname11+0, %rax
  movq %r12, %rsi
  movq <offset:1>+8(%rsp), %rdi
  movdqu <offset:1>+0x28(%rsp), %xmm0
  call    *%rax
  testb %al, %al
  jnz     label40; j label37
block39:
  movq <offset:1>+0x18(%rsp), %rdx
  movq <offset:1>+0x10(%rsp), %rsi
  movq <offset:1>+8(%rsp), %rdi
  return_call_unknown %r10 (0) tmp=%r11 %rdi=%rdi %rsi=%rsi %rdx=%rdx
block40:
  movq <offset:1>+0x10(%rsp), %rsi
  movdqu <offset:1>+0x28(%rsp), %xmm0
  movdqu <offset:1>+0x48(%rsp), %xmm1
  movdqu <offset:1>+0x38(%rsp), %xmm2
  vmovupd %xmm0, 0xf8(%rsi)
  leal 0x20(%rbx), %eax
  movl %eax, (%rsi)
  movdqu <offset:1>+0x78(%rsp), %xmm5
  vmovupd %xmm5, 0xa8(%rsi)
  andl $0xfffe0fff, %r13d
  uninit  %xmm3
  vxorpd %xmm3, %xmm3, %xmm3
  movdqu <offset:1>+0x58(%rsp), %xmm4
  vucomisd %xmm4, %xmm3
  seta %al
  movzbl %al, %ecx
  shll $0xf, %ecx
  vucomisd (%rip), %xmm4
  seta %al
  movzbl %al, %eax
  shll $0xe, %eax
  orl %eax, %ecx
  vucomisd (%rip), %xmm4
  setnp %al
  sete %dl
  andl %edx, %eax
  movzbl %al, %eax
  shll $0xd, %eax
  orl %eax, %ecx
  vucomisd (%rip), %xmm4
  setp %al
  movzbl %al, %eax
  shll $0xc, %eax
  orl %eax, %ecx
  orl %ecx, %r13d
  andl $0xfffe0fff, %r13d
  vucomisd %xmm0, %xmm3
  seta %al
  movzbl %al, %ecx
  shll $0xf, %ecx
  vucomisd (%rip), %xmm0
  seta %al
  movzbl %al, %eax
  shll $0xe, %eax
  orl %eax, %ecx
  vucomisd (%rip), %xmm0
  setnp %al
  sete %dl
  andl %edx, %eax
  movzbl %al, %eax
  shll $0xd, %eax
  orl %eax, %ecx
  vucomisd (%rip), %xmm0
  setp %al
  movzbl %al, %eax
  shll $0xc, %eax
  orl %eax, %ecx
  orl %ecx, %r13d
  movl %r13d, 0x28c(%rsi)
  movdqu <offset:1>+0x58(%rsp), %xmm0
  vmovupd %xmm0, 0xe8(%rsi)
  vmovupd %xmm2, 0xd8(%rsi)
  movdqu <offset:1>+0x68(%rsp), %xmm0
  vmovupd %xmm0, 0xc8(%rsi)
  vmovupd %xmm1, 0xb8(%rsi)
  load_ext_name userextname32+0, %rsi
  uninit  %rdx
  xorq %rdx, %rdx
  movl $0x100008, %ecx
  load_ext_name userextname1+0, %rax
  movq <offset:1>+8(%rsp), %rdi
  call    *%rax
  testq %rax, %rax
  movq %rax, %r10
  jnz     label42; j label41
block42:
  movq <offset:1>+0x18(%rsp), %rdx
  movq <offset:1>+0x10(%rsp), %rsi
  movq <offset:1>+8(%rsp), %rdi
  return_call_unknown %r10 (0) tmp=%r11 %rdi=%rdi %rsi=%rsi %rdx=%rdx
block1:
  movl $0x800, %esi
  load_ext_name userextname0+0, %rax
  movq <offset:1>+0x10(%rsp), %rdi
  call    *%rax
  load_ext_name userextname22+0, %rsi
  uninit  %rdx
  xorq %rdx, %rdx
  movl $0x20001, %ecx
  load_ext_name userextname1+0, %rax
  movq <offset:1>+8(%rsp), %rdi
  call    *%rax
  testq %rax, %rax
  movq %rax, %r10
  jnz     label3; j label2
block2:
  movq 0xa0(%rsp), %rbx
  movq 0xa8(%rsp), %r12
  movq 0xb0(%rsp), %r13
  movq 0xb8(%rsp), %r14
  movq 0xc0(%rsp), %r15
  addq $0xd0, %rsp
  movq %rbp, %rsp
  popq %rbp
  retq
block5:
  movq <offset:1>+0x98(%rsp), %rcx
  movq <offset:1>+0x10(%rsp), %rsi
  movl %ecx, 0x360(%rsi)
  movl $0x300, %esi
  load_ext_name userextname0+0, %rax
  movq <offset:1>+0x10(%rsp), %rdi
  call    *%rax
  load_ext_name userextname23+0, %rsi
  uninit  %rdx
  xorq %rdx, %rdx
  movl $0x20001, %ecx
  load_ext_name userextname1+0, %rax
  movq <offset:1>+8(%rsp), %rdi
  call    *%rax
  testq %rax, %rax
  movq %rax, %r10
  jnz     label7; j label6
block6:
  movq 0xa0(%rsp), %rbx
  movq 0xa8(%rsp), %r12
  movq 0xb0(%rsp), %r13
  movq 0xb8(%rsp), %r14
  movq 0xc0(%rsp), %r15
  addq $0xd0, %rsp
  movq %rbp, %rsp
  popq %rbp
  retq
block9:
  movq <offset:1>+0x10(%rsp), %rsi
  movl %ebx, 0x360(%rsi)
  movl $0x300, %esi
  load_ext_name userextname0+0, %rax
  movq <offset:1>+0x10(%rsp), %rdi
  call    *%rax
  load_ext_name userextname24+0, %rsi
  uninit  %rdx
  xorq %rdx, %rdx
  movl $0x20001, %ecx
  load_ext_name userextname1+0, %rax
  movq <offset:1>+8(%rsp), %rdi
  call    *%rax
  testq %rax, %rax
  movq %rax, %r10
  jnz     label11; j label10
block10:
  movq 0xa0(%rsp), %rbx
  movq 0xa8(%rsp), %r12
  movq 0xb0(%rsp), %r13
  movq 0xb8(%rsp), %r14
  movq 0xc0(%rsp), %r15
  addq $0xd0, %rsp
  movq %rbp, %rsp
  popq %rbp
  retq
block13:
  movq <offset:1>+0x10(%rsp), %rsi
  movl %r12d, 0x360(%rsi)
  leal 4(%rbx), %eax
  movl %eax, (%rsi)
  uninit  %xmm0
  vxorpd %xmm0, %xmm0, %xmm1
  movdqu <offset:1>+0x48(%rsp), %xmm0
  vmovsd %xmm0, %xmm1, %xmm3
  movdqu <offset:1>+0x38(%rsp), %xmm0
  vmovlhps %xmm0, %xmm3, %xmm1
  vmovupd %xmm1, 0xa8(%rsi)
  movl $0x300, %esi
  load_ext_name userextname0+0, %rdx
  movq <offset:1>+0x10(%rsp), %rdi
  call    *%rdx
  load_ext_name userextname25+0, %rsi
  uninit  %rdx
  xorq %rdx, %rdx
  movl $0x40002, %ecx
  load_ext_name userextname1+0, %r8
  movq <offset:1>+8(%rsp), %rdi
  call    *%r8
  testq %rax, %rax
  movq %rax, %r10
  jnz     label15; j label14
block14:
  movq 0xa0(%rsp), %rbx
  movq 0xa8(%rsp), %r12
  movq 0xb0(%rsp), %r13
  movq 0xb8(%rsp), %r14
  movq 0xc0(%rsp), %r15
  addq $0xd0, %rsp
  movq %rbp, %rsp
  popq %rbp
  retq
block17:
  movq <offset:1>+0x10(%rsp), %rsi
  movl %r13d, 0x360(%rsi)
  leal 4(%rbx), %r9d
  movl %r9d, (%rsi)
  uninit  %xmm0
  vxorpd %xmm0, %xmm0, %xmm0
  movdqu <offset:1>+0x48(%rsp), %xmm2
  vmovsd %xmm2, %xmm0, %xmm0
  movdqu <offset:1>+0x38(%rsp), %xmm1
  vmovlhps %xmm1, %xmm0, %xmm0
  vmovupd %xmm0, 0xa8(%rsi)
  movl $0x300, %esi
  load_ext_name userextname0+0, %r11
  movq <offset:1>+0x10(%rsp), %rdi
  call    *%r11
  load_ext_name userextname26+0, %rsi
  uninit  %rdx
  xorq %rdx, %rdx
  movl $0x40002, %ecx
  load_ext_name userextname1+0, %rax
  movq <offset:1>+8(%rsp), %rdi
  call    *%rax
  testq %rax, %rax
  movq %rax, %r10
  jnz     label19; j label18
block18:
  movq 0xa0(%rsp), %rbx
  movq 0xa8(%rsp), %r12
  movq 0xb0(%rsp), %r13
  movq 0xb8(%rsp), %r14
  movq 0xc0(%rsp), %r15
  addq $0xd0, %rsp
  movq %rbp, %rsp
  popq %rbp
  retq
block21:
  movq <offset:1>+0x10(%rsp), %rsi
  movl %r15d, 0x360(%rsi)
  leal 0xc(%rbx), %eax
  movl %eax, (%rsi)
  movdqu <offset:1>+0x78(%rsp), %xmm0
  vmovupd %xmm0, 0xa8(%rsi)
  andl $0xfffe0fff, %r13d
  uninit  %xmm0
  vxorpd %xmm0, %xmm0, %xmm0
  movdqu <offset:1>+0x58(%rsp), %xmm1
  vucomisd %xmm1, %xmm0
  seta %al
  movzbl %al, %esi
  shll $0xf, %esi
  movdqu <offset:1>+0x58(%rsp), %xmm0
  vucomisd (%rip), %xmm0
  seta %al
  movzbl %al, %eax
  shll $0xe, %eax
  orl %eax, %esi
  vucomisd (%rip), %xmm0
  setnp %al
  sete %cl
  andl %ecx, %eax
  movzbl %al, %eax
  shll $0xd, %eax
  orl %eax, %esi
  vucomisd (%rip), %xmm0
  setp %al
  movzbl %al, %eax
  shll $0xc, %eax
  orl %eax, %esi
  orl %esi, %r13d
  movq <offset:1>+0x10(%rsp), %rsi
  movl %r13d, 0x28c(%rsi)
  vmovupd %xmm0, 0xe8(%rsi)
  movdqu <offset:1>+0x68(%rsp), %xmm0
  vmovupd %xmm0, 0xc8(%rsi)
  movl $0x300, %esi
  load_ext_name userextname0+0, %rax
  movq <offset:1>+0x10(%rsp), %rdi
  call    *%rax
  load_ext_name userextname27+0, %rsi
  uninit  %rdx
  xorq %rdx, %rdx
  movl $0x80004, %ecx
  load_ext_name userextname1+0, %rax
  movq <offset:1>+8(%rsp), %rdi
  call    *%rax
  testq %rax, %rax
  movq %rax, %r10
  jnz     label23; j label22
block22:
  movq 0xa0(%rsp), %rbx
  movq 0xa8(%rsp), %r12
  movq 0xb0(%rsp), %r13
  movq 0xb8(%rsp), %r14
  movq 0xc0(%rsp), %r15
  addq $0xd0, %rsp
  movq %rbp, %rsp
  popq %rbp
  retq
block25:
  movq <offset:1>+0x10(%rsp), %rsi
  movl %r14d, 0x360(%rsi)
  leal 0xc(%rbx), %eax
  movl %eax, (%rsi)
  movdqu <offset:1>+0x78(%rsp), %xmm0
  vmovupd %xmm0, 0xa8(%rsi)
  andl $0xfffe0fff, %r13d
  uninit  %xmm0
  vxorpd %xmm0, %xmm0, %xmm0
  movdqu <offset:1>+0x58(%rsp), %xmm1
  vucomisd %xmm1, %xmm0
  seta %al
  movzbl %al, %ecx
  shll $0xf, %ecx
  movdqu <offset:1>+0x58(%rsp), %xmm0
  vucomisd (%rip), %xmm0
  seta %al
  movzbl %al, %eax
  shll $0xe, %eax
  orl %eax, %ecx
  vucomisd (%rip), %xmm0
  setnp %al
  sete %dl
  andl %edx, %eax
  movzbl %al, %eax
  shll $0xd, %eax
  orl %eax, %ecx
  vucomisd (%rip), %xmm0
  setp %al
  movzbl %al, %eax
  shll $0xc, %eax
  orl %eax, %ecx
  orl %ecx, %r13d
  movl %r13d, 0x28c(%rsi)
  vmovupd %xmm0, 0xe8(%rsi)
  movdqu <offset:1>+0x68(%rsp), %xmm0
  vmovupd %xmm0, 0xc8(%rsi)
  movl $0x300, %esi
  load_ext_name userextname0+0, %rax
  movq <offset:1>+0x10(%rsp), %rdi
  call    *%rax
  load_ext_name userextname28+0, %rsi
  uninit  %rdx
  xorq %rdx, %rdx
  movl $0x80004, %ecx
  load_ext_name userextname1+0, %rax
  movq <offset:1>+8(%rsp), %rdi
  call    *%rax
  testq %rax, %rax
  movq %rax, %r10
  jnz     label27; j label26
block26:
  movq 0xa0(%rsp), %rbx
  movq 0xa8(%rsp), %r12
  movq 0xb0(%rsp), %r13
  movq 0xb8(%rsp), %r14
  movq 0xc0(%rsp), %r15
  addq $0xd0, %rsp
  movq %rbp, %rsp
  popq %rbp
  retq
block29:
  movq <offset:1>+0x98(%rsp), %rcx
  leal 8(%rcx), %eax
  movq <offset:1>+0x10(%rsp), %rsi
  movl %eax, 0x360(%rsi)
  leal 0x10(%rbx), %eax
  movl %eax, (%rsi)
  movdqu <offset:1>+0x78(%rsp), %xmm0
  vmovupd %xmm0, 0xa8(%rsi)
  andl $0xfffe0fff, %r13d
  uninit  %xmm0
  vxorpd %xmm0, %xmm0, %xmm0
  movdqu <offset:1>+0x58(%rsp), %xmm1
  vucomisd %xmm1, %xmm0
  seta %al
  movzbl %al, %ecx
  shll $0xf, %ecx
  movdqu <offset:1>+0x58(%rsp), %xmm0
  vucomisd (%rip), %xmm0
  seta %al
  movzbl %al, %eax
  shll $0xe, %eax
  orl %eax, %ecx
  vucomisd (%rip), %xmm0
  setnp %al
  sete %dl
  andl %edx, %eax
  movzbl %al, %eax
  shll $0xd, %eax
  orl %eax, %ecx
  vucomisd (%rip), %xmm0
  setp %al
  movzbl %al, %eax
  shll $0xc, %eax
  orl %eax, %ecx
  orl %ecx, %r13d
  movl %r13d, 0x28c(%rsi)
  vmovupd %xmm0, 0xe8(%rsi)
  movdqu <offset:1>+0x68(%rsp), %xmm0
  vmovupd %xmm0, 0xc8(%rsi)
  movl $0x300, %esi
  load_ext_name userextname0+0, %rax
  movq <offset:1>+0x10(%rsp), %rdi
  call    *%rax
  load_ext_name userextname29+0, %rsi
  uninit  %rdx
  xorq %rdx, %rdx
  movl $0xa0005, %ecx
  load_ext_name userextname1+0, %rax
  movq <offset:1>+8(%rsp), %rdi
  call    *%rax
  testq %rax, %rax
  movq %rax, %r10
  jnz     label31; j label30
block30:
  movq 0xa0(%rsp), %rbx
  movq 0xa8(%rsp), %r12
  movq 0xb0(%rsp), %r13
  movq 0xb8(%rsp), %r14
  movq 0xc0(%rsp), %r15
  addq $0xd0, %rsp
  movq %rbp, %rsp
  popq %rbp
  retq
block33:
  movq <offset:1>+0x10(%rsp), %rsi
  movl %r12d, 0x360(%rsi)
  leal 0x14(%rbx), %esi
  movq <offset:1>+0x10(%rsp), %rax
  movl %esi, (%rax)
  movq <offset:1>+0x10(%rsp), %rsi
  movdqu <offset:1>+0x78(%rsp), %xmm0
  vmovupd %xmm0, 0xa8(%rsi)
  andl $0xfffe0fff, %r13d
  uninit  %xmm4
  vxorpd %xmm4, %xmm4, %xmm6
  movdqu <offset:1>+0x58(%rsp), %xmm0
  vucomisd %xmm0, %xmm6
  seta %sil
  movzbl %sil, %ecx
  shll $0xf, %ecx
  vucomisd (%rip), %xmm0
  seta %dil
  movzbl %dil, %esi
  shll $0xe, %esi
  orl %esi, %ecx
  vucomisd (%rip), %xmm0
  setnp %r8b
  sete %r9b
  andl %r9d, %r8d
  movzbl %r8b, %edi
  shll $0xd, %edi
  orl %edi, %ecx
  vucomisd (%rip), %xmm0
  setp %r9b
  movzbl %r9b, %r8d
  shll $0xc, %r8d
  orl %r8d, %ecx
  orl %ecx, %r13d
  movq <offset:1>+0x10(%rsp), %rsi
  movl %r13d, 0x28c(%rsi)
  vmovupd %xmm0, 0xe8(%rsi)
  movdqu <offset:1>+0x68(%rsp), %xmm0
  vmovupd %xmm0, 0xc8(%rsi)
  uninit  %xmm0
  vxorpd %xmm0, %xmm0, %xmm0
  movdqu <offset:1>+0x48(%rsp), %xmm1
  vmovsd %xmm1, %xmm0, %xmm0
  movabsq $0x3ff0000000000000, %r11
  vmovq %r11, %xmm1
  vmovlhps %xmm1, %xmm0, %xmm0
  vmovupd %xmm0, 0xb8(%rsi)
  movl $0x300, %esi
  load_ext_name userextname0+0, %rax
  movq <offset:1>+0x10(%rsp), %rdi
  call    *%rax
  load_ext_name userextname30+0, %rsi
  uninit  %rdx
  xorq %rdx, %rdx
  movl $0xc0006, %ecx
  load_ext_name userextname1+0, %rax
  movq <offset:1>+8(%rsp), %rdi
  call    *%rax
  testq %rax, %rax
  movq %rax, %r10
  jnz     label35; j label34
block34:
  movq 0xa0(%rsp), %rbx
  movq 0xa8(%rsp), %r12
  movq 0xb0(%rsp), %r13
  movq 0xb8(%rsp), %r14
  movq 0xc0(%rsp), %r15
  addq $0xd0, %rsp
  movq %rbp, %rsp
  popq %rbp
  retq
block37:
  movq <offset:1>+0x10(%rsp), %rsi
  movl %r12d, 0x360(%rsi)
  movdqu <offset:1>+0x28(%rsp), %xmm0
  vmovupd %xmm0, 0xf8(%rsi)
  leal 0x1c(%rbx), %eax
  movl %eax, (%rsi)
  movdqu <offset:1>+0x78(%rsp), %xmm1
  vmovupd %xmm1, 0xa8(%rsi)
  andl $0xfffe0fff, %r13d
  uninit  %xmm1
  vxorpd %xmm1, %xmm1, %xmm1
  movdqu <offset:1>+0x58(%rsp), %xmm2
  vucomisd %xmm2, %xmm1
  seta %al
  movzbl %al, %r9d
  shll $0xf, %r9d
  vucomisd (%rip), %xmm2
  seta %al
  movzbl %al, %eax
  shll $0xe, %eax
  orl %eax, %r9d
  vucomisd (%rip), %xmm2
  setnp %al
  sete %cl
  andl %ecx, %eax
  movzbl %al, %eax
  shll $0xd, %eax
  orl %eax, %r9d
  vucomisd (%rip), %xmm2
  setp %al
  movzbl %al, %eax
  shll $0xc, %eax
  orl %eax, %r9d
  orl %r9d, %r13d
  andl $0xfffe0fff, %r13d
  vucomisd %xmm0, %xmm1
  seta %al
  movzbl %al, %ecx
  shll $0xf, %ecx
  vucomisd (%rip), %xmm0
  seta %al
  movzbl %al, %eax
  shll $0xe, %eax
  orl %eax, %ecx
  vucomisd (%rip), %xmm0
  setnp %al
  sete %dl
  andl %edx, %eax
  movzbl %al, %eax
  shll $0xd, %eax
  orl %eax, %ecx
  vucomisd (%rip), %xmm0
  setp %al
  movzbl %al, %eax
  shll $0xc, %eax
  orl %eax, %ecx
  orl %ecx, %r13d
  movl %r13d, 0x28c(%rsi)
  movdqu <offset:1>+0x58(%rsp), %xmm0
  vmovupd %xmm0, 0xe8(%rsi)
  movdqu <offset:1>+0x38(%rsp), %xmm2
  vmovupd %xmm2, 0xd8(%rsi)
  movdqu <offset:1>+0x68(%rsp), %xmm0
  vmovupd %xmm0, 0xc8(%rsi)
  movdqu <offset:1>+0x48(%rsp), %xmm1
  vmovupd %xmm1, 0xb8(%rsi)
  movl $0x300, %esi
  load_ext_name userextname0+0, %rax
  movq <offset:1>+0x10(%rsp), %rdi
  call    *%rax
  load_ext_name userextname31+0, %rsi
  uninit  %rdx
  xorq %rdx, %rdx
  movl $0x100008, %ecx
  load_ext_name userextname1+0, %rax
  movq <offset:1>+8(%rsp), %rdi
  call    *%rax
  testq %rax, %rax
  movq %rax, %r10
  jnz     label39; j label38
block38:
  movq 0xa0(%rsp), %rbx
  movq 0xa8(%rsp), %r12
  movq 0xb0(%rsp), %r13
  movq 0xb8(%rsp), %r14
  movq 0xc0(%rsp), %r15
  addq $0xd0, %rsp
  movq %rbp, %rsp
  popq %rbp
  retq
block41:
  movq 0xa0(%rsp), %rbx
  movq 0xa8(%rsp), %r12
  movq 0xb0(%rsp), %r13
  movq 0xb8(%rsp), %r14
  movq 0xc0(%rsp), %r15
  addq $0xd0, %rsp
  movq %rbp, %rsp
  popq %rbp
  retq
