---
source: crates/ppcjit/src/test.rs
expression: clir
---
function u0:0(i64, i64, i64, i64) tail {
    ss0 = explicit_slot 8, align = 8
    sig0 = (i64, i64, i64, i64) tail
    sig1 = (i64, i64, i64) -> i8 system_v
    sig2 = (i64, i32, i64) system_v
    sig3 = (i64, i32, i64) -> i8 system_v
    sig4 = (i64, i32, i64) -> i8 system_v
    sig5 = (i64, i32, i64) -> i8 system_v
    sig6 = (i64, i32, i64) -> i8 system_v
    sig7 = (i64, i32, i8) -> i8 system_v
    sig8 = (i64, i32, i16) -> i8 system_v
    sig9 = (i64, i32, i32) -> i8 system_v
    sig10 = (i64, i32, i64) -> i8 system_v
    sig11 = (i64, i32, i32, i64) -> i8 system_v
    sig12 = (i64, i32, i32, f64) -> i8 system_v
    sig13 = (i64, i32) system_v
    sig14 = (i64) system_v
    sig15 = (i64, i16) system_v
    fn0 = u1:0 sig15
    fn1 = u0:2 sig1
    fn2 = u0:3 sig2
    fn3 = u0:4 sig3
    fn4 = u0:5 sig4
    fn5 = u0:6 sig5
    fn6 = u0:7 sig6
    fn7 = u0:8 sig7
    fn8 = u0:9 sig8
    fn9 = u0:10 sig9
    fn10 = u0:11 sig10
    fn11 = u0:12 sig11
    fn12 = u0:13 sig12
    fn13 = u0:14 sig13
    fn14 = u0:15 sig14
    fn15 = u0:16 sig14
    fn16 = u0:17 sig14
    fn17 = u0:18 sig14
    fn18 = u0:19 sig14
    fn19 = u0:20 sig14
    fn20 = u0:21 sig14
    fn21 = u0:22 sig14
    fn22 = u0:23 sig14

                                block0(v0: i64, v1: i64, v2: i64, v3: i64):
@0000                               v4 = load.i32 notrap aligned v2+680
@0000                               v5 = iconst.i32 13
@0000                               v6 = ushr v4, v5  ; v5 = 13
@0000                               v7 = band_imm v6, 1
@0000                               v8 = ireduce.i8 v7
@0000                               brif v8, block2, block1

                                block1 cold:
@0000                               v9 = iconst.i16 2048
@0000                               call fn0(v2, v9)  ; v9 = 2048
@0000                               return

                                block2:
@0000                               v10 = load.f64x2 notrap aligned v2+136
@0000                               v11 = load.f64x2 notrap aligned v2+152
@0000                               v12 = fadd v10, v11
@0000                               v13 = extractlane v12, 0
@0000                               v14 = f64const 0.0
@0000                               v15 = fcmp lt v13, v14  ; v14 = 0.0
@0000                               v16 = fcmp gt v13, v14  ; v14 = 0.0
@0000                               v17 = fcmp eq v13, v14  ; v14 = 0.0
@0000                               v18 = fcmp uno v13, v14  ; v14 = 0.0
@0000                               v19 = load.i32 notrap aligned v2+652
@0000                               v20 = uextend.i32 v15
@0000                               v21 = uextend.i32 v16
@0000                               v22 = uextend.i32 v17
@0000                               v23 = uextend.i32 v18
@0000                               v24 = ishl_imm v20, 15
@0000                               v25 = ishl_imm v21, 14
@0000                               v26 = ishl_imm v22, 13
@0000                               v27 = ishl_imm v23, 12
@0000                               v28 = bor v24, v25
@0000                               v29 = bor v28, v26
@0000                               v30 = bor v29, v27
@0000                               v31 = iconst.i32 0x0001_f000
@0000                               v32 = band_not v19, v31  ; v31 = 0x0001_f000
@0000                               v33 = bor v32, v30
@0000                               v34 = load.i32 notrap aligned v2
@0000                               v35 = iadd_imm v34, 4
@0001                               v36 = load.f64x2 notrap aligned v2+168
@0001                               v37 = fadd v12, v36
@0001                               v38 = extractlane v37, 0
@0001                               v39 = f64const 0.0
@0001                               v40 = fcmp lt v38, v39  ; v39 = 0.0
@0001                               v41 = fcmp gt v38, v39  ; v39 = 0.0
@0001                               v42 = fcmp eq v38, v39  ; v39 = 0.0
@0001                               v43 = fcmp uno v38, v39  ; v39 = 0.0
@0001                               v44 = uextend.i32 v40
@0001                               v45 = uextend.i32 v41
@0001                               v46 = uextend.i32 v42
@0001                               v47 = uextend.i32 v43
@0001                               v48 = ishl_imm v44, 15
@0001                               v49 = ishl_imm v45, 14
@0001                               v50 = ishl_imm v46, 13
@0001                               v51 = ishl_imm v47, 12
@0001                               v52 = bor v48, v49
@0001                               v53 = bor v52, v50
@0001                               v54 = bor v53, v51
@0001                               v55 = iconst.i32 0x0001_f000
@0001                               v56 = band_not v33, v55  ; v55 = 0x0001_f000
@0001                               v57 = bor v56, v54
@0001                               v58 = iadd_imm v35, 4
@0002                               v59 = load.f64x2 notrap aligned v2+184
@0002                               v60 = fadd v37, v59
@0002                               v61 = extractlane v60, 0
@0002                               v62 = f64const 0.0
@0002                               v63 = fcmp lt v61, v62  ; v62 = 0.0
@0002                               v64 = fcmp gt v61, v62  ; v62 = 0.0
@0002                               v65 = fcmp eq v61, v62  ; v62 = 0.0
@0002                               v66 = fcmp uno v61, v62  ; v62 = 0.0
@0002                               v67 = uextend.i32 v63
@0002                               v68 = uextend.i32 v64
@0002                               v69 = uextend.i32 v65
@0002                               v70 = uextend.i32 v66
@0002                               v71 = ishl_imm v67, 15
@0002                               v72 = ishl_imm v68, 14
@0002                               v73 = ishl_imm v69, 13
@0002                               v74 = ishl_imm v70, 12
@0002                               v75 = bor v71, v72
@0002                               v76 = bor v75, v73
@0002                               v77 = bor v76, v74
@0002                               v78 = iconst.i32 0x0001_f000
@0002                               v79 = band_not v57, v78  ; v78 = 0x0001_f000
@0002                               v80 = bor v79, v77
@0002                               v81 = iadd_imm v58, 4
@0003                               v82 = load.f64x2 notrap aligned v2+200
@0003                               v83 = fadd v60, v82
@0003                               v84 = extractlane v83, 0
@0003                               v85 = f64const 0.0
@0003                               v86 = fcmp lt v84, v85  ; v85 = 0.0
@0003                               v87 = fcmp gt v84, v85  ; v85 = 0.0
@0003                               v88 = fcmp eq v84, v85  ; v85 = 0.0
@0003                               v89 = fcmp uno v84, v85  ; v85 = 0.0
@0003                               v90 = uextend.i32 v86
@0003                               v91 = uextend.i32 v87
@0003                               v92 = uextend.i32 v88
@0003                               v93 = uextend.i32 v89
@0003                               v94 = ishl_imm v90, 15
@0003                               v95 = ishl_imm v91, 14
@0003                               v96 = ishl_imm v92, 13
@0003                               v97 = ishl_imm v93, 12
@0003                               v98 = bor v94, v95
@0003                               v99 = bor v98, v96
@0003                               v100 = bor v99, v97
@0003                               v101 = iconst.i32 0x0001_f000
@0003                               v102 = band_not v80, v101  ; v101 = 0x0001_f000
@0003                               v103 = bor v102, v100
@0003                               v104 = iadd_imm v81, 4
                                    store notrap aligned v104, v2
                                    store notrap aligned v83, v2+136
                                    store notrap aligned v103, v2+652
                                    v105 = load.i32 notrap aligned v0
                                    v106 = iadd_imm v105, 4
                                    store notrap aligned v106, v0
                                    v107 = load.i32 notrap aligned v0+4
                                    v108 = iadd_imm v107, 8
                                    store notrap aligned v108, v0+4
                                    return
}
