---
source: crates/ppcjit/src/test.rs
expression: disasm
---
  pushq %rbp
  unwind PushFrameRegs { offset_upward_to_caller_sp: 16 }
  movq %rsp, %rbp
  unwind DefineNewFrame { offset_upward_to_caller_sp: 16, offset_downward_to_clobbers: 48 }
  subq $0xa0, %rsp
  movq %rbx, 0x70(%rsp)
  unwind SaveReg { clobber_offset: 0, reg: p3i }
  movq %r12, 0x78(%rsp)
  unwind SaveReg { clobber_offset: 8, reg: p12i }
  movq %r13, 0x80(%rsp)
  unwind SaveReg { clobber_offset: 16, reg: p13i }
  movq %r14, 0x88(%rsp)
  unwind SaveReg { clobber_offset: 24, reg: p14i }
  movq %r15, 0x90(%rsp)
  unwind SaveReg { clobber_offset: 32, reg: p15i }
block0:
  movq %rdi, %r13
  movq %rsi, <offset:1>+8(%rsp)
  movl 0x2a8(%rdx), %r11d
  movq %rdx, <offset:1>+0x10(%rsp)
  shrl $0xd, %r11d
  testb $0x1, %r11b
  jnz     label2; j label1
block2:
  movq <offset:1>+0x10(%rsp), %rdi
  movl 0x14(%rdi), %r14d
  movl 0x368(%rdi), %edx
  movq %rdx, <offset:1>+0x38(%rsp)
  leaq <offset:1>+(%rsp), %rcx
  movq %rcx, %r15
  load_ext_name userextname11+0, %r8
  movq %r14, %rsi
  movq <offset:1>+8(%rsp), %rdi
  call    *%r8
  testb %al, %al
  jnz     label4; j label3
block4:
  movq %r13, %r12
  vmovsd <offset:1>+(%rsp), %xmm2
  movdqu %xmm2, <offset:1>+0x58(%rsp)
  movzbl %al, %eax
  leal (%r14, %rax), %ebx
  load_ext_name userextname11+0, %rax
  movq <offset:1>+0x38(%rsp), %rdx
  movq %r15, %rcx
  movq %rbx, %rsi
  movq <offset:1>+8(%rsp), %rdi
  call    *%rax
  testb %al, %al
  jnz     label6; j label5
block6:
  vmovsd <offset:1>+(%rsp), %xmm7
  movq <offset:1>+0x10(%rsp), %rdi
  movdqu %xmm7, <offset:1>+0x48(%rsp)
  movl (%rdi), %ebx
  movl 0x368(%rdi), %edx
  leal 8(%r14), %esi
  load_ext_name userextname11+0, %r10
  movq %r15, %rcx
  movq <offset:1>+8(%rsp), %rdi
  call    *%r10
  testb %al, %al
  jnz     label8; j label7
block8:
  movdqu <offset:1>+0x58(%rsp), %xmm2
  movdqu <offset:1>+0x48(%rsp), %xmm7
  vmovsd <offset:1>+(%rsp), %xmm0
  movq <offset:1>+0x10(%rsp), %rdi
  movdqu %xmm0, <offset:1>+0x28(%rsp)
  vmovupd 0x98(%rdi), %xmm0
  movl 0x28c(%rdi), %r14d
  movl 0x18(%rdi), %r15d
  movl 0x368(%rdi), %edx
  movq %rdx, <offset:1>+0x38(%rsp)
  uninit  %xmm6
  vxorpd %xmm6, %xmm6, %xmm1
  vmovsd %xmm2, %xmm1, %xmm2
  vmovlhps %xmm7, %xmm2, %xmm1
  vmovdqu (%rip), %xmm2
  vpaddusb (%rip), %xmm2, %xmm7
  vpshufb %xmm7, %xmm0, %xmm2
  vmulpd %xmm2, %xmm1, %xmm0
  movdqu %xmm2, <offset:1>+0x18(%rsp)
  movdqu %xmm0, <offset:1>+0x48(%rsp)
  movdqu %xmm1, <offset:1>+0x58(%rsp)
  load_ext_name userextname12+0, %r10
  movq %r15, %rsi
  movq <offset:1>+8(%rsp), %rdi
  call    *%r10
  testb %al, %al
  jnz     label10; j label9
block10:
  movzbl %al, %r8d
  leal (%r15, %r8), %r13d
  movdqu <offset:1>+0x48(%rsp), %xmm0
  vpshufd $0xee, %xmm0, %xmm0
  load_ext_name userextname12+0, %r8
  movq <offset:1>+0x38(%rsp), %rdx
  movq %r13, %rsi
  movq <offset:1>+8(%rsp), %rdi
  call    *%r8
  testb %al, %al
  jnz     label12; j label11
block12:
  movq <offset:1>+0x10(%rsp), %rdi
  movdqu <offset:1>+0x28(%rsp), %xmm0
  movl 0x368(%rdi), %edx
  movq %rdx, <offset:1>+0x38(%rsp)
  leal 8(%r15), %r13d
  uninit  %xmm4
  vxorpd %xmm4, %xmm4, %xmm6
  vmovsd %xmm0, %xmm6, %xmm0
  movabsq $0x3ff0000000000000, %rsi
  vmovq %rsi, %xmm7
  vmovlhps %xmm7, %xmm0, %xmm6
  movdqu <offset:1>+0x18(%rsp), %xmm1
  vmulpd %xmm1, %xmm6, %xmm2
  movdqu %xmm2, <offset:1>+0x18(%rsp)
  movdqu %xmm6, <offset:1>+0x28(%rsp)
  load_ext_name userextname12+0, %rax
  movq %r13, %rsi
  movq <offset:1>+8(%rsp), %rdi
  movdqu <offset:1>+0x18(%rsp), %xmm0
  call    *%rax
  testb %al, %al
  jnz     label14; j label13
block14:
  movdqu <offset:1>+0x18(%rsp), %xmm6
  movzbl %al, %ecx
  leal 8(%r15, %rcx), %r15d
  vpshufd $0xee, %xmm6, %xmm0
  load_ext_name userextname12+0, %rcx
  movq <offset:1>+0x38(%rsp), %rdx
  movq <offset:1>+8(%rsp), %rdi
  movq %r15, %rsi
  call    *%rcx
  testb %al, %al
  jnz     label16; j label15
block16:
  movdqu <offset:1>+0x28(%rsp), %xmm2
  movdqu <offset:1>+0x18(%rsp), %xmm6
  leal 0x18(%rbx), %ecx
  movq <offset:1>+0x10(%rsp), %rdi
  movl %ecx, (%rdi)
  movdqu <offset:1>+0x58(%rsp), %xmm0
  vmovupd %xmm0, 0xa8(%rdi)
  movl $0x1f000, %r11d
  uninit  %xmm5
  vxorpd %xmm5, %xmm5, %xmm7
  vucomisd %xmm6, %xmm7
  seta %r9b
  movzbl %r9b, %esi
  shll $0xf, %esi
  vucomisd %xmm7, %xmm6
  seta %r10b
  movzbl %r10b, %r9d
  shll $0xe, %r9d
  orl %r9d, %esi
  vucomisd %xmm7, %xmm6
  setnp %dil
  sete %al
  andl %eax, %edi
  movzbl %dil, %r10d
  shll $0xd, %r10d
  orl %r10d, %esi
  vucomisd %xmm7, %xmm6
  setp %dil
  movzbl %dil, %edi
  shll $0xc, %edi
  orl %edi, %esi
  movdqu <offset:1>+0x48(%rsp), %xmm0
  vucomisd %xmm0, %xmm7
  seta %dil
  movzbl %dil, %edx
  shll $0xf, %edx
  vucomisd %xmm7, %xmm0
  seta %al
  movzbl %al, %edi
  shll $0xe, %edi
  orl %edi, %edx
  vucomisd %xmm7, %xmm0
  setnp %cl
  sete %r8b
  andl %r8d, %ecx
  movzbl %cl, %eax
  shll $0xd, %eax
  orl %eax, %edx
  vucomisd %xmm7, %xmm0
  setp %r8b
  movzbl %r8b, %ecx
  shll $0xc, %ecx
  orl %ecx, %edx
  movq %r11, %r8
  andl %edx, %r8d
  movq %r11, %rdx
  notl %edx
  andl %r14d, %edx
  orl %edx, %r8d
  movq %r11, %rdx
  andl %esi, %edx
  notl %r11d
  andl %r8d, %r11d
  orl %r11d, %edx
  movq <offset:1>+0x10(%rsp), %rdi
  movl %edx, 0x28c(%rdi)
  vmovupd %xmm6, 0xc8(%rdi)
  vmovupd %xmm2, 0xb8(%rdi)
  movq 0x70(%rsp), %rbx
  movq 0x78(%rsp), %r12
  movq 0x80(%rsp), %r13
  movq 0x88(%rsp), %r14
  movq 0x90(%rsp), %r15
  addq $0xa0, %rsp
  movq %rbp, %rsp
  popq %rbp
  retq
block1:
  movl $0x800, %esi
  load_ext_name userextname0+0, %rax
  movq <offset:1>+0x10(%rsp), %rdi
  call    *%rax
  movq 0x70(%rsp), %rbx
  movq 0x78(%rsp), %r12
  movq 0x80(%rsp), %r13
  movq 0x88(%rsp), %r14
  movq 0x90(%rsp), %r15
  addq $0xa0, %rsp
  movq %rbp, %rsp
  popq %rbp
  retq
block3:
  movq <offset:1>+0x10(%rsp), %rdi
  movl %r14d, 0x360(%rdi)
  movl $0x300, %esi
  load_ext_name userextname0+0, %r10
  call    *%r10
  movq %r13, %r12
  addl $0x1, (%r12)
  addl $0x2, 4(%r12)
  movq 0x70(%rsp), %rbx
  movq 0x78(%rsp), %r12
  movq 0x80(%rsp), %r13
  movq 0x88(%rsp), %r14
  movq 0x90(%rsp), %r15
  addq $0xa0, %rsp
  movq %rbp, %rsp
  popq %rbp
  retq
block5:
  movq <offset:1>+0x10(%rsp), %rdi
  movl %ebx, 0x360(%rdi)
  movl $0x300, %esi
  load_ext_name userextname0+0, %r8
  call    *%r8
  movq 0x70(%rsp), %rbx
  movq 0x78(%rsp), %r12
  movq 0x80(%rsp), %r13
  movq 0x88(%rsp), %r14
  movq 0x90(%rsp), %r15
  addq $0xa0, %rsp
  movq %rbp, %rsp
  popq %rbp
  retq
block7:
  leal 8(%r14), %esi
  movq <offset:1>+0x10(%rsp), %rdi
  movl %esi, 0x360(%rdi)
  uninit  %xmm0
  vxorpd %xmm0, %xmm0, %xmm3
  movdqu <offset:1>+0x58(%rsp), %xmm2
  vmovsd %xmm2, %xmm3, %xmm4
  movdqu <offset:1>+0x48(%rsp), %xmm7
  vmovlhps %xmm7, %xmm4, %xmm2
  vmovupd %xmm2, 0xa8(%rdi)
  leal 4(%rbx), %eax
  movl %eax, (%rdi)
  movl $0x300, %esi
  load_ext_name userextname0+0, %rcx
  call    *%rcx
  addl $0x1, (%r12)
  addl $0x2, 4(%r12)
  movq 0x70(%rsp), %rbx
  movq 0x78(%rsp), %r12
  movq 0x80(%rsp), %r13
  movq 0x88(%rsp), %r14
  movq 0x90(%rsp), %r15
  addq $0xa0, %rsp
  movq %rbp, %rsp
  popq %rbp
  retq
block9:
  movq <offset:1>+0x10(%rsp), %rdi
  movl %r15d, 0x360(%rdi)
  leal 0xc(%rbx), %edi
  movq <offset:1>+0x10(%rsp), %r8
  movl %edi, (%r8)
  movq <offset:1>+0x10(%rsp), %rdi
  movdqu <offset:1>+0x58(%rsp), %xmm0
  vmovupd %xmm0, 0xa8(%rdi)
  movl $0x1f000, %esi
  uninit  %xmm4
  vxorpd %xmm4, %xmm4, %xmm6
  movdqu <offset:1>+0x48(%rsp), %xmm0
  vucomisd %xmm0, %xmm6
  seta %dl
  movzbl %dl, %r10d
  shll $0xf, %r10d
  vucomisd %xmm6, %xmm0
  seta %r8b
  movzbl %r8b, %edx
  shll $0xe, %edx
  orl %edx, %r10d
  vucomisd %xmm6, %xmm0
  setnp %r9b
  sete %r11b
  andl %r11d, %r9d
  movzbl %r9b, %r8d
  shll $0xd, %r8d
  orl %r8d, %r10d
  vucomisd %xmm6, %xmm0
  setp %r11b
  movzbl %r11b, %r9d
  shll $0xc, %r9d
  orl %r9d, %r10d
  movq %rsi, %r11
  andl %r10d, %r11d
  notl %esi
  andl %r14d, %esi
  orl %esi, %r11d
  movl %r11d, 0x28c(%rdi)
  vmovupd %xmm0, 0xc8(%rdi)
  uninit  %xmm1
  vxorpd %xmm1, %xmm1, %xmm3
  movdqu <offset:1>+0x28(%rsp), %xmm0
  vmovsd %xmm0, %xmm3, %xmm5
  movabsq $0x3ff0000000000000, %r11
  vmovq %r11, %xmm4
  vmovlhps %xmm4, %xmm5, %xmm3
  vmovupd %xmm3, 0xb8(%rdi)
  movl $0x300, %esi
  load_ext_name userextname0+0, %rax
  call    *%rax
  addl $0x2, (%r12)
  addl $0x4, 4(%r12)
  movq 0x70(%rsp), %rbx
  movq 0x78(%rsp), %r12
  movq 0x80(%rsp), %r13
  movq 0x88(%rsp), %r14
  movq 0x90(%rsp), %r15
  addq $0xa0, %rsp
  movq %rbp, %rsp
  popq %rbp
  retq
block11:
  movq <offset:1>+0x10(%rsp), %rdi
  movl %r13d, 0x360(%rdi)
  leal 0xc(%rbx), %r11d
  movl %r11d, (%rdi)
  movdqu <offset:1>+0x58(%rsp), %xmm0
  vmovupd %xmm0, 0xa8(%rdi)
  movl $0x1f000, %r10d
  uninit  %xmm4
  vxorpd %xmm4, %xmm4, %xmm6
  movdqu <offset:1>+0x48(%rsp), %xmm0
  vucomisd %xmm0, %xmm6
  seta %al
  movzbl %al, %r8d
  shll $0xf, %r8d
  vucomisd %xmm6, %xmm0
  seta %cl
  movzbl %cl, %eax
  shll $0xe, %eax
  orl %eax, %r8d
  vucomisd %xmm6, %xmm0
  setnp %dl
  sete %r9b
  andl %r9d, %edx
  movzbl %dl, %ecx
  shll $0xd, %ecx
  orl %ecx, %r8d
  vucomisd %xmm6, %xmm0
  setp %r9b
  movzbl %r9b, %edx
  shll $0xc, %edx
  orl %edx, %r8d
  movq %r10, %r9
  andl %r8d, %r9d
  notl %r10d
  andl %r14d, %r10d
  orl %r10d, %r9d
  movl %r9d, 0x28c(%rdi)
  vmovupd %xmm0, 0xc8(%rdi)
  uninit  %xmm1
  vxorpd %xmm1, %xmm1, %xmm3
  movdqu <offset:1>+0x28(%rsp), %xmm0
  vmovsd %xmm0, %xmm3, %xmm5
  movabsq $0x3ff0000000000000, %r9
  vmovq %r9, %xmm4
  vmovlhps %xmm4, %xmm5, %xmm3
  vmovupd %xmm3, 0xb8(%rdi)
  movl $0x300, %esi
  load_ext_name userextname0+0, %r11
  call    *%r11
  movq 0x70(%rsp), %rbx
  movq 0x78(%rsp), %r12
  movq 0x80(%rsp), %r13
  movq 0x88(%rsp), %r14
  movq 0x90(%rsp), %r15
  addq $0xa0, %rsp
  movq %rbp, %rsp
  popq %rbp
  retq
block13:
  movq <offset:1>+0x10(%rsp), %rdi
  movl %r13d, 0x360(%rdi)
  leal 0x14(%rbx), %edx
  movl %edx, (%rdi)
  movdqu <offset:1>+0x58(%rsp), %xmm0
  vmovupd %xmm0, 0xa8(%rdi)
  movl $0x1f000, %esi
  uninit  %xmm2
  vxorpd %xmm2, %xmm2, %xmm4
  movdqu <offset:1>+0x18(%rsp), %xmm6
  vucomisd %xmm6, %xmm4
  seta %r10b
  movzbl %r10b, %edi
  shll $0xf, %edi
  vucomisd %xmm4, %xmm6
  seta %r11b
  movzbl %r11b, %r10d
  shll $0xe, %r10d
  orl %r10d, %edi
  vucomisd %xmm4, %xmm6
  setnp %al
  sete %cl
  andl %ecx, %eax
  movzbl %al, %r11d
  shll $0xd, %r11d
  orl %r11d, %edi
  vucomisd %xmm4, %xmm6
  setp %al
  movzbl %al, %eax
  shll $0xc, %eax
  orl %eax, %edi
  movdqu <offset:1>+0x48(%rsp), %xmm0
  vucomisd %xmm0, %xmm4
  seta %al
  movzbl %al, %r8d
  shll $0xf, %r8d
  vucomisd %xmm4, %xmm0
  seta %cl
  movzbl %cl, %eax
  shll $0xe, %eax
  orl %eax, %r8d
  vucomisd %xmm4, %xmm0
  setnp %dl
  sete %r9b
  andl %r9d, %edx
  movzbl %dl, %ecx
  shll $0xd, %ecx
  orl %ecx, %r8d
  vucomisd %xmm4, %xmm0
  setp %r9b
  movzbl %r9b, %edx
  shll $0xc, %edx
  orl %edx, %r8d
  movq %rsi, %r9
  andl %r8d, %r9d
  movq %rsi, %r8
  notl %r8d
  andl %r14d, %r8d
  orl %r8d, %r9d
  movq %rsi, %r8
  andl %edi, %r8d
  notl %esi
  andl %r9d, %esi
  orl %esi, %r8d
  movq <offset:1>+0x10(%rsp), %rdi
  movl %r8d, 0x28c(%rdi)
  vmovupd %xmm6, 0xc8(%rdi)
  movdqu <offset:1>+0x28(%rsp), %xmm6
  vmovupd %xmm6, 0xb8(%rdi)
  movl $0x300, %esi
  load_ext_name userextname0+0, %r11
  call    *%r11
  addl $0x2, (%r12)
  addl $0x4, 4(%r12)
  movq 0x70(%rsp), %rbx
  movq 0x78(%rsp), %r12
  movq 0x80(%rsp), %r13
  movq 0x88(%rsp), %r14
  movq 0x90(%rsp), %r15
  addq $0xa0, %rsp
  movq %rbp, %rsp
  popq %rbp
  retq
block15:
  movq <offset:1>+0x10(%rsp), %rdi
  movl %r15d, 0x360(%rdi)
  leal 0x14(%rbx), %r9d
  movl %r9d, (%rdi)
  movdqu <offset:1>+0x58(%rsp), %xmm0
  vmovupd %xmm0, 0xa8(%rdi)
  movl $0x1f000, %ecx
  uninit  %xmm6
  vxorpd %xmm6, %xmm6, %xmm0
  movdqu <offset:1>+0x18(%rsp), %xmm6
  vucomisd %xmm6, %xmm0
  seta %sil
  movzbl %sil, %edx
  shll $0xf, %edx
  vucomisd %xmm0, %xmm6
  seta %dil
  movzbl %dil, %esi
  shll $0xe, %esi
  orl %esi, %edx
  vucomisd %xmm0, %xmm6
  setnp %al
  sete %r8b
  andl %r8d, %eax
  movzbl %al, %edi
  shll $0xd, %edi
  orl %edi, %edx
  vucomisd %xmm0, %xmm6
  setp %r8b
  movzbl %r8b, %eax
  shll $0xc, %eax
  orl %eax, %edx
  movdqu <offset:1>+0x48(%rsp), %xmm4
  vucomisd %xmm4, %xmm0
  seta %r8b
  movzbl %r8b, %r10d
  shll $0xf, %r10d
  movdqu <offset:1>+0x48(%rsp), %xmm1
  vucomisd %xmm0, %xmm1
  seta %r8b
  movzbl %r8b, %r8d
  shll $0xe, %r8d
  orl %r8d, %r10d
  movdqu <offset:1>+0x48(%rsp), %xmm7
  vucomisd %xmm0, %xmm7
  setnp %r9b
  sete %r11b
  andl %r11d, %r9d
  movzbl %r9b, %r8d
  shll $0xd, %r8d
  orl %r8d, %r10d
  vucomisd %xmm0, %xmm7
  setp %r11b
  movzbl %r11b, %r9d
  shll $0xc, %r9d
  orl %r9d, %r10d
  movq %rcx, %r11
  andl %r10d, %r11d
  movq %rcx, %r10
  notl %r10d
  andl %r14d, %r10d
  orl %r10d, %r11d
  movq %rcx, %r10
  andl %edx, %r10d
  notl %ecx
  andl %r11d, %ecx
  orl %ecx, %r10d
  movq <offset:1>+0x10(%rsp), %rdi
  movl %r10d, 0x28c(%rdi)
  vmovupd %xmm6, 0xc8(%rdi)
  movdqu <offset:1>+0x28(%rsp), %xmm2
  vmovupd %xmm2, 0xb8(%rdi)
  movl $0x300, %esi
  load_ext_name userextname0+0, %rax
  call    *%rax
  movq 0x70(%rsp), %rbx
  movq 0x78(%rsp), %r12
  movq 0x80(%rsp), %r13
  movq 0x88(%rsp), %r14
  movq 0x90(%rsp), %r15
  addq $0xa0, %rsp
  movq %rbp, %rsp
  popq %rbp
  retq
