---
source: crates/ppcjit/src/test.rs
expression: disasm
---
  stp fp, lr, [sp, #-16]!
  unwind PushFrameRegs { offset_upward_to_caller_sp: 16 }
  mov fp, sp
  unwind DefineNewFrame { offset_upward_to_caller_sp: 16, offset_downward_to_clobbers: 32 }
  str x21, [sp, #-16]!
  unwind SaveReg { clobber_offset: 16, reg: p21i }
  stp x19, x20, [sp, #-16]!
  unwind SaveReg { clobber_offset: 0, reg: p19i }
  unwind SaveReg { clobber_offset: 8, reg: p20i }
  sub sp, sp, #16
  unwind StackAlloc { size: 16 }
block0:
  mov x19, x4
  mov x20, x3
  mov x21, x2
  ldr w0, [x3, #680]
  lsr w0, w0, #13
  tbnz x0, #0, label4 ; b label1
block3:
  mov x2, x21
  mov x3, x20
  mov x4, x19
  return_call_ind x1 new_stack_arg_size:0 x2=x2 x3=x3 x4=x4
block4:
  mov x3, x20
  ldr q0, [x3, #152]
  ldr q1, [x3, #168]
  ldr w0, [x3, #652]
  ldr w2, [x3, #648]
  ldr w1, [x3]
  and w4, w2, #268435455
  fcmp d0, d1
  cset x2, mi
  uxtb w2, w2
  fcmp d0, d1
  cset x5, gt
  uxtb w5, w5
  lsl w6, w5, #30
  orr w7, w6, w2, LSL 31
  fcmp d0, d1
  cset x6, eq
  uxtb w6, w6
  orr w8, w7, w6, LSL 29
  fcmp d0, d1
  cset x7, vs
  uxtb w7, w7
  orr w8, w8, w7, LSL 28
  orr w4, w4, w8
  str w4, [x3, #648]
  add w1, w1, #4
  str w1, [x3]
  and w0, w0, #4294840319
  lsl w1, w5, #14
  orr w1, w1, w2, LSL 15
  orr w1, w1, w6, LSL 13
  orr w1, w1, w7, LSL 12
  orr w0, w0, w1
  str w0, [x3, #652]
  load_ext_name_far x1, User(userextname23)+0
  movz x2, #0
  movz w3, #1
  movk w3, w3, #2, LSL #16
  load_ext_name_far x4, User(userextname1)+0
  mov x0, x21
  blr x4
  subs xzr, x0, #0
  mov x1, x0
  b.ne label6 ; b label5
block6:
  mov x2, x21
  mov x3, x20
  mov x4, x19
  return_call_ind x1 new_stack_arg_size:0 x2=x2 x3=x3 x4=x4
block1:
  movz w1, #2048
  load_ext_name_far x2, User(userextname0)+0
  mov x0, x20
  blr x2
  load_ext_name_far x1, User(userextname22)+0
  movz x2, #0
  movz w3, #1
  movk w3, w3, #2, LSL #16
  load_ext_name_far x4, User(userextname1)+0
  mov x0, x21
  blr x4
  subs xzr, x0, #0
  mov x1, x0
  b.ne label3 ; b label2
block2:
  add sp, sp, #16
  ldp x19, x20, [sp], #16
  ldr x21, [sp], #16
  ldp fp, lr, [sp], #16
  ret
block5:
  add sp, sp, #16
  ldp x19, x20, [sp], #16
  ldr x21, [sp], #16
  ldp fp, lr, [sp], #16
  ret
