---
source: crates/ppcjit/src/test.rs
expression: clir
---
function u0:0(i64, i64, i64) tail {
    ss0 = explicit_slot 8, align = 8
    gv0 = symbol userextname22
    gv1 = symbol userextname23
    gv2 = symbol userextname24
    gv3 = symbol userextname25
    gv4 = symbol userextname26
    gv5 = symbol userextname27
    gv6 = symbol userextname28
    gv7 = symbol userextname29
    gv8 = symbol userextname30
    sig0 = (i64, i64, i64) tail
    sig1 = (i64, i64, i64, i32) -> i64 system_v
    sig2 = (i64, i32, i64) -> i8 system_v
    sig3 = (i64, i32, i64) -> i8 system_v
    sig4 = (i64, i32, i64) -> i8 system_v
    sig5 = (i64, i32, i64) -> i8 system_v
    sig6 = (i64, i32, i8) -> i8 system_v
    sig7 = (i64, i32, i16) -> i8 system_v
    sig8 = (i64, i32, i32) -> i8 system_v
    sig9 = (i64, i32, i64) -> i8 system_v
    sig10 = (i64, i32, i32, i64) -> i8 system_v
    sig11 = (i64, i32, i32, f64) -> i8 system_v
    sig12 = (i64, i32) system_v
    sig13 = (i64) system_v
    sig14 = (i64, i16) system_v
    fn0 = u1:0 sig14
    fn1 = u0:2 sig1
    fn2 = u0:3 sig2
    fn3 = u0:4 sig3
    fn4 = u0:5 sig4
    fn5 = u0:6 sig5
    fn6 = u0:7 sig6
    fn7 = u0:8 sig7
    fn8 = u0:9 sig8
    fn9 = u0:10 sig9
    fn10 = u0:11 sig10
    fn11 = u0:12 sig11
    fn12 = u0:13 sig12
    fn13 = u0:14 sig13
    fn14 = u0:15 sig13
    fn15 = u0:16 sig13
    fn16 = u0:17 sig13
    fn17 = u0:18 sig13
    fn18 = u0:19 sig13
    fn19 = u0:20 sig13
    fn20 = u0:21 sig13
    fn21 = u0:22 sig13
    const0 = 0x07060504030201000706050403020100

                                block0(v0: i64, v1: i64, v2: i64):
@0000                               v3 = load.i32 notrap aligned v1+680
@0000                               v4 = iconst.i32 13
@0000                               v5 = ushr v3, v4  ; v4 = 13
@0000                               v6 = band_imm v5, 1
@0000                               v7 = ireduce.i8 v6
@0000                               brif v7, block2, block1

                                block1 cold:
@0000                               v8 = iconst.i16 2048
@0000                               call fn0(v1, v8)  ; v8 = 2048
@0000                               v9 = global_value.i64 gv0
@0000                               v10 = iconst.i64 0
@0000                               v11 = iconst.i32 0x0002_0001
@0000                               v12 = call fn1(v0, v9, v10, v11)  ; v10 = 0, v11 = 0x0002_0001
@0000                               v13 = icmp_imm ne v12, 0
@0000                               brif v13, block3, block4

                                block3:
@0001                               return_call_indirect.i64 sig0, v12(v0, v1, v2)

                                block4 cold:
@0001                               return

                                block2:
@0000                               v14 = load.i32 notrap aligned v1+20
@0000                               v15 = iadd_imm v14, 0
@0000                               v16 = load.i32 notrap aligned v1+872
@0000                               v17 = stack_addr.i64 ss0
@0000                               v18 = call fn10(v0, v15, v16, v17)
@0000                               brif v18, block6, block5

                                block5 cold:
@0000                               store.i32 notrap aligned v15, v1+864
@0000                               v19 = iconst.i16 768
@0000                               call fn0(v1, v19)  ; v19 = 768
@0000                               v20 = global_value.i64 gv1
@0000                               v21 = iconst.i64 0
@0000                               v22 = iconst.i32 0x0002_0001
@0000                               v23 = call fn1(v0, v20, v21, v22)  ; v21 = 0, v22 = 0x0002_0001
@0000                               v24 = icmp_imm ne v23, 0
@0000                               brif v24, block7, block8

                                block7:
@0001                               return_call_indirect.i64 sig0, v23(v0, v1, v2)

                                block8 cold:
@0001                               return

                                block6:
@0000                               v25 = stack_load.f64 ss0
@0000                               v26 = uextend.i32 v18
@0000                               v27 = iadd.i32 v15, v26
@0000                               v28 = stack_addr.i64 ss0
@0000                               v29 = call fn10(v0, v27, v16, v28)
@0000                               brif v29, block10, block9

                                block9 cold:
@0000                               store.i32 notrap aligned v27, v1+864
@0000                               v30 = iconst.i16 768
@0000                               call fn0(v1, v30)  ; v30 = 768
@0000                               v31 = global_value.i64 gv2
@0000                               v32 = iconst.i64 0
@0000                               v33 = iconst.i32 0x0002_0001
@0000                               v34 = call fn1(v0, v31, v32, v33)  ; v32 = 0, v33 = 0x0002_0001
@0000                               v35 = icmp_imm ne v34, 0
@0000                               brif v35, block11, block12

                                block11:
@0001                               return_call_indirect.i64 sig0, v34(v0, v1, v2)

                                block12 cold:
@0001                               return

                                block10:
@0000                               v36 = stack_load.f64 ss0
@0000                               v37 = uextend.i32 v29
@0000                               v38 = scalar_to_vector.f64x2 v25
@0000                               v39 = insertlane v38, v36, 1
@0000                               v40 = load.i32 notrap aligned v1
@0000                               v41 = iadd_imm v40, 4
@0001                               v42 = iadd_imm.i32 v14, 8
@0001                               v43 = load.i32 notrap aligned v1+872
@0001                               v44 = stack_addr.i64 ss0
@0001                               v45 = call fn10(v0, v42, v43, v44)
@0001                               brif v45, block14, block13

                                block13 cold:
@0001                               store.i32 notrap aligned v42, v1+864
@0001                               v46 = iconst.i16 768
@0001                               store.f64x2 notrap aligned v39, v1+168
@0001                               store.i32 notrap aligned v41, v1
@0001                               call fn0(v1, v46)  ; v46 = 768
@0001                               v47 = global_value.i64 gv3
@0001                               v48 = iconst.i64 0
@0001                               v49 = iconst.i32 0x0004_0002
@0001                               v50 = call fn1(v0, v47, v48, v49)  ; v48 = 0, v49 = 0x0004_0002
@0001                               v51 = icmp_imm ne v50, 0
@0001                               brif v51, block15, block16

                                block15:
@0002                               return_call_indirect.i64 sig0, v50(v0, v1, v2)

                                block16 cold:
@0002                               return

                                block14:
@0001                               v52 = stack_load.f64 ss0
@0001                               v53 = uextend.i32 v45
@0001                               v54 = f64const 0x1.0000000000000p0
@0001                               v55 = scalar_to_vector.f64x2 v52
@0001                               v56 = insertlane v55, v54, 1  ; v54 = 0x1.0000000000000p0
@0001                               v57 = iadd_imm.i32 v41, 4
@0002                               v58 = load.f64x2 notrap aligned v1+152
@0002                               v59 = bitcast.i8x16 little v58
@0002                               v60 = vconst.i8x16 const0
@0002                               v61 = swizzle v59, v60  ; v60 = const0
@0002                               v62 = bitcast.f64x2 little v61
@0002                               v63 = fmul.f64x2 v39, v62
@0002                               v64 = extractlane v63, 0
@0002                               v65 = f64const 0.0
@0002                               v66 = fcmp lt v64, v65  ; v65 = 0.0
@0002                               v67 = fcmp gt v64, v65  ; v65 = 0.0
@0002                               v68 = fcmp eq v64, v65  ; v65 = 0.0
@0002                               v69 = fcmp uno v64, v65  ; v65 = 0.0
@0002                               v70 = load.i32 notrap aligned v1+652
@0002                               v71 = uextend.i32 v66
@0002                               v72 = uextend.i32 v67
@0002                               v73 = uextend.i32 v68
@0002                               v74 = uextend.i32 v69
@0002                               v75 = ishl_imm v71, 15
@0002                               v76 = ishl_imm v72, 14
@0002                               v77 = ishl_imm v73, 13
@0002                               v78 = ishl_imm v74, 12
@0002                               v79 = bor v75, v76
@0002                               v80 = bor v79, v77
@0002                               v81 = bor v80, v78
@0002                               v82 = iconst.i32 0x0001_f000
@0002                               v83 = band_not v70, v82  ; v82 = 0x0001_f000
@0002                               v84 = bor v83, v81
@0002                               v85 = iadd_imm v57, 4
@0003                               v86 = load.i32 notrap aligned v1+24
@0003                               v87 = iadd_imm v86, 0
@0003                               v88 = extractlane v63, 0
@0003                               v89 = load.i32 notrap aligned v1+872
@0003                               v90 = call fn11(v0, v87, v89, v88)
@0003                               brif v90, block18, block17

                                block17 cold:
@0003                               store.i32 notrap aligned v87, v1+864
@0003                               v91 = iconst.i16 768
@0003                               store.i32 notrap aligned v85, v1
@0003                               store.f64x2 notrap aligned v39, v1+168
@0003                               store.i32 notrap aligned v84, v1+652
@0003                               store.f64x2 notrap aligned v63, v1+200
@0003                               store.f64x2 notrap aligned v56, v1+184
@0003                               call fn0(v1, v91)  ; v91 = 768
@0003                               v92 = global_value.i64 gv4
@0003                               v93 = iconst.i64 0
@0003                               v94 = iconst.i32 0x0008_0004
@0003                               v95 = call fn1(v0, v92, v93, v94)  ; v93 = 0, v94 = 0x0008_0004
@0003                               v96 = icmp_imm ne v95, 0
@0003                               brif v96, block19, block20

                                block19:
@0004                               return_call_indirect.i64 sig0, v95(v0, v1, v2)

                                block20 cold:
@0004                               return

                                block18:
@0003                               v97 = uextend.i32 v90
@0003                               v98 = extractlane.f64x2 v63, 1
@0003                               v99 = iadd.i32 v87, v97
@0003                               v100 = call fn11(v0, v99, v89, v98)
@0003                               brif v100, block22, block21

                                block21 cold:
@0003                               store.i32 notrap aligned v99, v1+864
@0003                               v101 = iconst.i16 768
@0003                               store.i32 notrap aligned v85, v1
@0003                               store.f64x2 notrap aligned v39, v1+168
@0003                               store.i32 notrap aligned v84, v1+652
@0003                               store.f64x2 notrap aligned v63, v1+200
@0003                               store.f64x2 notrap aligned v56, v1+184
@0003                               call fn0(v1, v101)  ; v101 = 768
@0003                               v102 = global_value.i64 gv5
@0003                               v103 = iconst.i64 0
@0003                               v104 = iconst.i32 0x0008_0004
@0003                               v105 = call fn1(v0, v102, v103, v104)  ; v103 = 0, v104 = 0x0008_0004
@0003                               v106 = icmp_imm ne v105, 0
@0003                               brif v106, block23, block24

                                block23:
@0004                               return_call_indirect.i64 sig0, v105(v0, v1, v2)

                                block24 cold:
@0004                               return

                                block22:
@0003                               v107 = uextend.i32 v100
@0003                               v108 = iadd_imm.i32 v85, 4
@0004                               v109 = bitcast.i8x16 little v58
@0004                               v110 = vconst.i8x16 const0
@0004                               v111 = swizzle v109, v110  ; v110 = const0
@0004                               v112 = bitcast.f64x2 little v111
@0004                               v113 = fmul.f64x2 v56, v112
@0004                               v114 = extractlane v113, 0
@0004                               v115 = f64const 0.0
@0004                               v116 = fcmp lt v114, v115  ; v115 = 0.0
@0004                               v117 = fcmp gt v114, v115  ; v115 = 0.0
@0004                               v118 = fcmp eq v114, v115  ; v115 = 0.0
@0004                               v119 = fcmp uno v114, v115  ; v115 = 0.0
@0004                               v120 = uextend.i32 v116
@0004                               v121 = uextend.i32 v117
@0004                               v122 = uextend.i32 v118
@0004                               v123 = uextend.i32 v119
@0004                               v124 = ishl_imm v120, 15
@0004                               v125 = ishl_imm v121, 14
@0004                               v126 = ishl_imm v122, 13
@0004                               v127 = ishl_imm v123, 12
@0004                               v128 = bor v124, v125
@0004                               v129 = bor v128, v126
@0004                               v130 = bor v129, v127
@0004                               v131 = iconst.i32 0x0001_f000
@0004                               v132 = band_not.i32 v84, v131  ; v131 = 0x0001_f000
@0004                               v133 = bor v132, v130
@0004                               v134 = iadd_imm v108, 4
@0005                               v135 = iadd_imm.i32 v86, 8
@0005                               v136 = extractlane v113, 0
@0005                               v137 = load.i32 notrap aligned v1+872
@0005                               v138 = call fn11(v0, v135, v137, v136)
@0005                               brif v138, block26, block25

                                block25 cold:
@0005                               store.i32 notrap aligned v135, v1+864
@0005                               v139 = iconst.i16 768
@0005                               store.i32 notrap aligned v134, v1
@0005                               store.f64x2 notrap aligned v39, v1+168
@0005                               store.i32 notrap aligned v133, v1+652
@0005                               store.f64x2 notrap aligned v113, v1+200
@0005                               store.f64x2 notrap aligned v56, v1+184
@0005                               call fn0(v1, v139)  ; v139 = 768
@0005                               v140 = global_value.i64 gv6
@0005                               v141 = iconst.i64 0
@0005                               v142 = iconst.i32 0x000c_0006
@0005                               v143 = call fn1(v0, v140, v141, v142)  ; v141 = 0, v142 = 0x000c_0006
@0005                               v144 = icmp_imm ne v143, 0
@0005                               brif v144, block27, block28

                                block27:
@0006                               return_call_indirect.i64 sig0, v143(v0, v1, v2)

                                block28 cold:
@0006                               return

                                block26:
@0005                               v145 = uextend.i32 v138
@0005                               v146 = extractlane.f64x2 v113, 1
@0005                               v147 = iadd.i32 v135, v145
@0005                               v148 = call fn11(v0, v147, v137, v146)
@0005                               brif v148, block30, block29

                                block29 cold:
@0005                               store.i32 notrap aligned v147, v1+864
@0005                               v149 = iconst.i16 768
@0005                               store.i32 notrap aligned v134, v1
@0005                               store.f64x2 notrap aligned v39, v1+168
@0005                               store.i32 notrap aligned v133, v1+652
@0005                               store.f64x2 notrap aligned v113, v1+200
@0005                               store.f64x2 notrap aligned v56, v1+184
@0005                               call fn0(v1, v149)  ; v149 = 768
@0005                               v150 = global_value.i64 gv7
@0005                               v151 = iconst.i64 0
@0005                               v152 = iconst.i32 0x000c_0006
@0005                               v153 = call fn1(v0, v150, v151, v152)  ; v151 = 0, v152 = 0x000c_0006
@0005                               v154 = icmp_imm ne v153, 0
@0005                               brif v154, block31, block32

                                block31:
@0006                               return_call_indirect.i64 sig0, v153(v0, v1, v2)

                                block32 cold:
@0006                               return

                                block30:
@0005                               v155 = uextend.i32 v148
@0005                               v156 = iadd_imm.i32 v134, 4
                                    store notrap aligned v156, v1
                                    store.f64x2 notrap aligned v39, v1+168
                                    store.i32 notrap aligned v133, v1+652
                                    store.f64x2 notrap aligned v113, v1+200
                                    store.f64x2 notrap aligned v56, v1+184
                                    v157 = global_value.i64 gv8
                                    v158 = iconst.i64 0
                                    v159 = iconst.i32 0x000c_0006
                                    v160 = call fn1(v0, v157, v158, v159)  ; v158 = 0, v159 = 0x000c_0006
                                    v161 = icmp_imm ne v160, 0
                                    brif v161, block33, block34

                                block33:
@0006                               return_call_indirect.i64 sig0, v160(v0, v1, v2)

                                block34 cold:
@0006                               return
}
