---
source: crates/ppcjit/src/test.rs
expression: disasm
---
  stp fp, lr, [sp, #-16]!
  unwind PushFrameRegs { offset_upward_to_caller_sp: 16 }
  mov fp, sp
  unwind DefineNewFrame { offset_upward_to_caller_sp: 16, offset_downward_to_clobbers: 80 }
  stp x27, x28, [sp, #-16]!
  unwind SaveReg { clobber_offset: 64, reg: p27i }
  unwind SaveReg { clobber_offset: 72, reg: p28i }
  stp x25, x26, [sp, #-16]!
  unwind SaveReg { clobber_offset: 48, reg: p25i }
  unwind SaveReg { clobber_offset: 56, reg: p26i }
  stp x23, x24, [sp, #-16]!
  unwind SaveReg { clobber_offset: 32, reg: p23i }
  unwind SaveReg { clobber_offset: 40, reg: p24i }
  stp x21, x22, [sp, #-16]!
  unwind SaveReg { clobber_offset: 16, reg: p21i }
  unwind SaveReg { clobber_offset: 24, reg: p22i }
  stp x19, x20, [sp, #-16]!
  unwind SaveReg { clobber_offset: 0, reg: p19i }
  unwind SaveReg { clobber_offset: 8, reg: p20i }
  sub sp, sp, #112
  unwind StackAlloc { size: 112 }
block0:
  mov x24, x4
  mov x25, x3
  mov x26, x2
  ldr w0, [x3, #680]
  lsr w0, w0, #13
  tbnz x0, #0, label4 ; b label1
block3:
  mov x2, x26
  mov x3, x25
  mov x4, x24
  return_call_ind x1 new_stack_arg_size:0 x2=x2 x3=x3 x4=x4
block4:
  mov x3, x25
  ldr w21, [x3, #20]
  ldr w2, [x3, #872]
  mov x20, x2
  mov x3, sp
  mov x28, x3
  load_ext_name_far x4, User(userextname10)+0
  mov x0, x26
  mov x1, x21
  blr x4
  uxtb w1, w0
  cbnz x1, label8 ; b label5
block7:
  mov x2, x26
  mov x3, x25
  mov x4, x24
  return_call_ind x1 new_stack_arg_size:0 x2=x2 x3=x3 x4=x4
block8:
  ldr d0, [sp]
  str q0, [sp, #40]
  add w19, w21, w0, UXTB
  load_ext_name_far x4, User(userextname10)+0
  mov x2, x20
  mov x0, x26
  mov x1, x19
  mov x3, x28
  blr x4
  uxtb w0, w0
  cbnz x0, label12 ; b label9
block11:
  mov x2, x26
  mov x3, x25
  mov x4, x24
  return_call_ind x1 new_stack_arg_size:0 x2=x2 x3=x3 x4=x4
block12:
  ldr d0, [sp]
  mov x3, x25
  str q0, [sp, #24]
  ldr w20, [x3]
  ldr w22, [x3, #24]
  ldr w2, [x3, #872]
  mov x23, x2
  load_ext_name_far x4, User(userextname10)+0
  mov x0, x26
  mov x1, x22
  mov x3, x28
  blr x4
  uxtb w1, w0
  cbnz x1, label16 ; b label13
block15:
  mov x2, x26
  mov x3, x25
  mov x4, x24
  return_call_ind x1 new_stack_arg_size:0 x2=x2 x3=x3 x4=x4
block16:
  ldr d2, [sp]
  str q2, [sp, #8]
  add w19, w22, w0, UXTB
  load_ext_name_far x4, User(userextname10)+0
  mov x2, x23
  mov x0, x26
  mov x1, x19
  mov x3, x28
  blr x4
  uxtb w2, w0
  cbnz x2, label20 ; b label17
block19:
  mov x2, x26
  mov x3, x25
  mov x4, x24
  return_call_ind x1 new_stack_arg_size:0 x2=x2 x3=x3 x4=x4
block20:
  ldr q0, [sp, #24]
  ldr q1, [sp, #40]
  ldr d16, [sp]
  mov x3, x25
  ldr w19, [x3, #652]
  ldr w23, [x3, #28]
  ldr w2, [x3, #872]
  str x2, [sp, #104]
  fmov d17, d1
  mov v17.d[1], v17.d[1], v0.d[0]
  ldr q2, [sp, #8]
  fmov d18, d2
  mov v18.d[1], v18.d[1], v16.d[0]
  fadd v16.2d, v17.2d, v18.2d
  str q16, [sp, #56]
  str q18, [sp, #72]
  str q17, [sp, #88]
  load_ext_name_far x11, User(userextname11)+0
  mov x0, x26
  mov x1, x23
  ldr q0, [sp, #56]
  blr x11
  uxtb w11, w0
  cbnz x11, label24 ; b label21
block23:
  mov x2, x26
  mov x3, x25
  mov x4, x24
  return_call_ind x1 new_stack_arg_size:0 x2=x2 x3=x3 x4=x4
block24:
  ldr q16, [sp, #56]
  add w27, w23, w0, UXTB
  mov d0, v16.d[1]
  load_ext_name_far x3, User(userextname11)+0
  ldr x2, [sp, #104]
  mov x0, x26
  mov x1, x27
  blr x3
  uxtb w0, w0
  cbnz x0, label28 ; b label25
block27:
  mov x2, x26
  mov x3, x25
  mov x4, x24
  return_call_ind x1 new_stack_arg_size:0 x2=x2 x3=x3 x4=x4
block28:
  mov x3, x25
  ldr w2, [x3, #872]
  add w1, w21, #8
  load_ext_name_far x4, User(userextname10)+0
  mov x0, x26
  mov x3, x28
  blr x4
  uxtb w0, w0
  cbnz x0, label32 ; b label29
block31:
  mov x2, x26
  mov x3, x25
  mov x4, x24
  return_call_ind x1 new_stack_arg_size:0 x2=x2 x3=x3 x4=x4
block32:
  ldr d0, [sp]
  mov x3, x25
  str q0, [sp, #40]
  ldr w2, [x3, #872]
  add w21, w22, #8
  load_ext_name_far x4, User(userextname10)+0
  mov x3, x28
  mov x0, x26
  mov x1, x21
  blr x4
  uxtb w0, w0
  cbnz x0, label36 ; b label33
block35:
  mov x2, x26
  mov x3, x25
  mov x4, x24
  return_call_ind x1 new_stack_arg_size:0 x2=x2 x3=x3 x4=x4
block36:
  ldr q0, [sp, #40]
  ldr d16, [sp]
  mov x3, x25
  ldr w2, [x3, #872]
  add w21, w23, #8
  fmov d17, d0
  fmov d18, #1
  mov v17.d[1], v17.d[1], v18.d[0]
  fmov d16, d16
  mov v16.d[1], v16.d[1], v18.d[0]
  fadd v18.2d, v17.2d, v16.2d
  str q18, [sp, #8]
  str q16, [sp, #24]
  str q17, [sp, #40]
  load_ext_name_far x13, User(userextname11)+0
  mov x0, x26
  mov x1, x21
  ldr q0, [sp, #8]
  blr x13
  uxtb w13, w0
  cbnz x13, label40 ; b label37
block39:
  mov x2, x26
  mov x3, x25
  mov x4, x24
  return_call_ind x1 new_stack_arg_size:0 x2=x2 x3=x3 x4=x4
block40:
  mov x3, x25
  ldr q16, [sp, #8]
  ldr q29, [sp, #40]
  ldr q30, [sp, #24]
  str q16, [x3, #248]
  add w0, w20, #32
  str w0, [x3]
  ldr q0, [sp, #88]
  str q0, [x3, #168]
  and w0, w19, #4294840319
  movi v0.2s, #0
  ldr q1, [sp, #56]
  fcmp d1, d0
  cset x1, mi
  uxtb w1, w1
  fcmp d1, d0
  cset x2, gt
  uxtb w2, w2
  lsl w2, w2, #14
  orr w1, w2, w1, LSL 15
  fcmp d1, d0
  cset x2, eq
  uxtb w2, w2
  orr w1, w1, w2, LSL 13
  fcmp d1, d0
  cset x2, vs
  uxtb w2, w2
  orr w1, w1, w2, LSL 12
  orr w0, w0, w1
  and w0, w0, #4294840319
  fcmp d16, d0
  cset x1, mi
  uxtb w1, w1
  fcmp d16, d0
  cset x2, gt
  uxtb w2, w2
  lsl w2, w2, #14
  orr w1, w2, w1, LSL 15
  fcmp d16, d0
  cset x2, eq
  uxtb w2, w2
  orr w1, w1, w2, LSL 13
  fcmp d16, d0
  cset x2, vs
  uxtb w2, w2
  orr w1, w1, w2, LSL 12
  orr w0, w0, w1
  str w0, [x3, #652]
  ldr q16, [sp, #56]
  str q16, [x3, #232]
  str q30, [x3, #216]
  ldr q16, [sp, #72]
  str q16, [x3, #200]
  str q29, [x3, #184]
  load_ext_name_far x1, User(userextname32)+0
  movz x2, #0
  movz w3, #8
  movk w3, w3, #16, LSL #16
  load_ext_name_far x4, User(userextname1)+0
  mov x0, x26
  blr x4
  subs xzr, x0, #0
  mov x1, x0
  b.ne label42 ; b label41
block42:
  mov x2, x26
  mov x3, x25
  mov x4, x24
  return_call_ind x1 new_stack_arg_size:0 x2=x2 x3=x3 x4=x4
block1:
  movz w1, #2048
  load_ext_name_far x2, User(userextname0)+0
  mov x0, x25
  blr x2
  load_ext_name_far x1, User(userextname22)+0
  movz x2, #0
  movz w3, #1
  movk w3, w3, #2, LSL #16
  load_ext_name_far x4, User(userextname1)+0
  mov x0, x26
  blr x4
  subs xzr, x0, #0
  mov x1, x0
  b.ne label3 ; b label2
block2:
  add sp, sp, #112
  ldp x19, x20, [sp], #16
  ldp x21, x22, [sp], #16
  ldp x23, x24, [sp], #16
  ldp x25, x26, [sp], #16
  ldp x27, x28, [sp], #16
  ldp fp, lr, [sp], #16
  ret
block5:
  mov x3, x25
  str w21, [x3, #864]
  movz w1, #768
  load_ext_name_far x2, User(userextname0)+0
  mov x0, x25
  blr x2
  load_ext_name_far x1, User(userextname23)+0
  movz x2, #0
  movz w3, #1
  movk w3, w3, #2, LSL #16
  load_ext_name_far x4, User(userextname1)+0
  mov x0, x26
  blr x4
  subs xzr, x0, #0
  mov x1, x0
  b.ne label7 ; b label6
block6:
  add sp, sp, #112
  ldp x19, x20, [sp], #16
  ldp x21, x22, [sp], #16
  ldp x23, x24, [sp], #16
  ldp x25, x26, [sp], #16
  ldp x27, x28, [sp], #16
  ldp fp, lr, [sp], #16
  ret
block9:
  mov x3, x25
  str w19, [x3, #864]
  movz w1, #768
  load_ext_name_far x2, User(userextname0)+0
  mov x0, x25
  blr x2
  load_ext_name_far x1, User(userextname24)+0
  movz x2, #0
  movz w3, #1
  movk w3, w3, #2, LSL #16
  load_ext_name_far x4, User(userextname1)+0
  mov x0, x26
  blr x4
  subs xzr, x0, #0
  mov x1, x0
  b.ne label11 ; b label10
block10:
  add sp, sp, #112
  ldp x19, x20, [sp], #16
  ldp x21, x22, [sp], #16
  ldp x23, x24, [sp], #16
  ldp x25, x26, [sp], #16
  ldp x27, x28, [sp], #16
  ldp fp, lr, [sp], #16
  ret
block13:
  mov x3, x25
  str w22, [x3, #864]
  add w0, w20, #4
  str w0, [x3]
  ldr q0, [sp, #40]
  fmov d0, d0
  ldr q16, [sp, #24]
  mov v0.d[1], v0.d[1], v16.d[0]
  str q0, [x3, #168]
  movz w1, #768
  load_ext_name_far x2, User(userextname0)+0
  mov x0, x25
  blr x2
  load_ext_name_far x1, User(userextname25)+0
  movz x2, #0
  movz w3, #2
  movk w3, w3, #4, LSL #16
  load_ext_name_far x4, User(userextname1)+0
  mov x0, x26
  blr x4
  subs xzr, x0, #0
  mov x1, x0
  b.ne label15 ; b label14
block14:
  add sp, sp, #112
  ldp x19, x20, [sp], #16
  ldp x21, x22, [sp], #16
  ldp x23, x24, [sp], #16
  ldp x25, x26, [sp], #16
  ldp x27, x28, [sp], #16
  ldp fp, lr, [sp], #16
  ret
block17:
  mov x3, x25
  str w19, [x3, #864]
  add w4, w20, #4
  str w4, [x3]
  ldr q1, [sp, #40]
  fmov d4, d1
  ldr q0, [sp, #24]
  mov v4.d[1], v4.d[1], v0.d[0]
  str q4, [x3, #168]
  movz w1, #768
  load_ext_name_far x6, User(userextname0)+0
  mov x0, x25
  blr x6
  load_ext_name_far x1, User(userextname26)+0
  movz x2, #0
  movz w3, #2
  movk w3, w3, #4, LSL #16
  load_ext_name_far x7, User(userextname1)+0
  mov x0, x26
  blr x7
  subs xzr, x0, #0
  mov x1, x0
  b.ne label19 ; b label18
block18:
  add sp, sp, #112
  ldp x19, x20, [sp], #16
  ldp x21, x22, [sp], #16
  ldp x23, x24, [sp], #16
  ldp x25, x26, [sp], #16
  ldp x27, x28, [sp], #16
  ldp fp, lr, [sp], #16
  ret
block21:
  mov x3, x25
  str w23, [x3, #864]
  add w13, w20, #12
  str w13, [x3]
  ldr q16, [sp, #88]
  str q16, [x3, #168]
  and w15, w19, #4294840319
  movi v17.2s, #0
  ldr q16, [sp, #56]
  fcmp d16, d17
  cset x0, mi
  uxtb w0, w0
  fcmp d16, d17
  cset x1, gt
  uxtb w1, w1
  lsl w1, w1, #14
  orr w0, w1, w0, LSL 15
  fcmp d16, d17
  cset x1, eq
  uxtb w1, w1
  orr w0, w0, w1, LSL 13
  fcmp d16, d17
  cset x1, vs
  uxtb w1, w1
  orr w0, w0, w1, LSL 12
  orr w0, w15, w0
  str w0, [x3, #652]
  str q16, [x3, #232]
  ldr q16, [sp, #72]
  str q16, [x3, #200]
  movz w1, #768
  load_ext_name_far x2, User(userextname0)+0
  mov x0, x25
  blr x2
  load_ext_name_far x1, User(userextname27)+0
  movz x2, #0
  movz w3, #4
  movk w3, w3, #8, LSL #16
  load_ext_name_far x4, User(userextname1)+0
  mov x0, x26
  blr x4
  subs xzr, x0, #0
  mov x1, x0
  b.ne label23 ; b label22
block22:
  add sp, sp, #112
  ldp x19, x20, [sp], #16
  ldp x21, x22, [sp], #16
  ldp x23, x24, [sp], #16
  ldp x25, x26, [sp], #16
  ldp x27, x28, [sp], #16
  ldp fp, lr, [sp], #16
  ret
block25:
  mov x3, x25
  str w27, [x3, #864]
  add w0, w20, #12
  str w0, [x3]
  ldr q16, [sp, #88]
  str q16, [x3, #168]
  and w0, w19, #4294840319
  movi v31.2s, #0
  ldr q16, [sp, #56]
  fcmp d16, d31
  cset x1, mi
  uxtb w1, w1
  fcmp d16, d31
  cset x2, gt
  uxtb w2, w2
  lsl w2, w2, #14
  orr w1, w2, w1, LSL 15
  fcmp d16, d31
  cset x2, eq
  uxtb w2, w2
  orr w1, w1, w2, LSL 13
  fcmp d16, d31
  cset x2, vs
  uxtb w2, w2
  orr w1, w1, w2, LSL 12
  orr w0, w0, w1
  str w0, [x3, #652]
  str q16, [x3, #232]
  ldr q16, [sp, #72]
  str q16, [x3, #200]
  movz w1, #768
  load_ext_name_far x2, User(userextname0)+0
  mov x0, x25
  blr x2
  load_ext_name_far x1, User(userextname28)+0
  movz x2, #0
  movz w3, #4
  movk w3, w3, #8, LSL #16
  load_ext_name_far x4, User(userextname1)+0
  mov x0, x26
  blr x4
  subs xzr, x0, #0
  mov x1, x0
  b.ne label27 ; b label26
block26:
  add sp, sp, #112
  ldp x19, x20, [sp], #16
  ldp x21, x22, [sp], #16
  ldp x23, x24, [sp], #16
  ldp x25, x26, [sp], #16
  ldp x27, x28, [sp], #16
  ldp fp, lr, [sp], #16
  ret
block29:
  add w0, w21, #8
  mov x3, x25
  str w0, [x3, #864]
  add w0, w20, #16
  str w0, [x3]
  ldr q16, [sp, #88]
  str q16, [x3, #168]
  and w0, w19, #4294840319
  movi v0.2s, #0
  ldr q16, [sp, #56]
  fcmp d16, d0
  cset x1, mi
  uxtb w1, w1
  fcmp d16, d0
  cset x2, gt
  uxtb w2, w2
  lsl w2, w2, #14
  orr w1, w2, w1, LSL 15
  fcmp d16, d0
  cset x2, eq
  uxtb w2, w2
  orr w1, w1, w2, LSL 13
  fcmp d16, d0
  cset x2, vs
  uxtb w2, w2
  orr w1, w1, w2, LSL 12
  orr w0, w0, w1
  str w0, [x3, #652]
  str q16, [x3, #232]
  ldr q16, [sp, #72]
  str q16, [x3, #200]
  movz w1, #768
  load_ext_name_far x2, User(userextname0)+0
  mov x0, x25
  blr x2
  load_ext_name_far x1, User(userextname29)+0
  movz x2, #0
  movz w3, #5
  movk w3, w3, #10, LSL #16
  load_ext_name_far x4, User(userextname1)+0
  mov x0, x26
  blr x4
  subs xzr, x0, #0
  mov x1, x0
  b.ne label31 ; b label30
block30:
  add sp, sp, #112
  ldp x19, x20, [sp], #16
  ldp x21, x22, [sp], #16
  ldp x23, x24, [sp], #16
  ldp x25, x26, [sp], #16
  ldp x27, x28, [sp], #16
  ldp fp, lr, [sp], #16
  ret
block33:
  mov x3, x25
  str w21, [x3, #864]
  add w0, w20, #20
  str w0, [x3]
  ldr q16, [sp, #88]
  str q16, [x3, #168]
  and w0, w19, #4294840319
  movi v0.2s, #0
  ldr q16, [sp, #56]
  fcmp d16, d0
  cset x1, mi
  uxtb w1, w1
  fcmp d16, d0
  cset x2, gt
  uxtb w2, w2
  lsl w2, w2, #14
  orr w2, w2, w1, LSL 15
  fcmp d16, d0
  cset x3, eq
  uxtb w3, w3
  orr w3, w2, w3, LSL 13
  fcmp d16, d0
  cset x4, vs
  uxtb w4, w4
  orr w4, w3, w4, LSL 12
  orr w4, w0, w4
  mov x3, x25
  str w4, [x3, #652]
  str q16, [x3, #232]
  ldr q16, [sp, #72]
  str q16, [x3, #200]
  ldr q0, [sp, #40]
  fmov d5, d0
  fmov d7, #1
  mov v5.d[1], v5.d[1], v7.d[0]
  str q5, [x3, #184]
  movz w1, #768
  load_ext_name_far x8, User(userextname0)+0
  mov x0, x25
  blr x8
  load_ext_name_far x1, User(userextname30)+0
  movz x2, #0
  movz w3, #6
  movk w3, w3, #12, LSL #16
  load_ext_name_far x9, User(userextname1)+0
  mov x0, x26
  blr x9
  subs xzr, x0, #0
  mov x1, x0
  b.ne label35 ; b label34
block34:
  add sp, sp, #112
  ldp x19, x20, [sp], #16
  ldp x21, x22, [sp], #16
  ldp x23, x24, [sp], #16
  ldp x25, x26, [sp], #16
  ldp x27, x28, [sp], #16
  ldp fp, lr, [sp], #16
  ret
block37:
  mov x3, x25
  str w21, [x3, #864]
  ldr q16, [sp, #8]
  str q16, [x3, #248]
  add w0, w20, #28
  str w0, [x3]
  ldr q3, [sp, #88]
  str q3, [x3, #168]
  and w0, w19, #4294840319
  movi v18.2s, #0
  ldr q0, [sp, #56]
  fcmp d0, d18
  cset x1, mi
  uxtb w1, w1
  fcmp d0, d18
  cset x2, gt
  uxtb w2, w2
  lsl w2, w2, #14
  orr w1, w2, w1, LSL 15
  fcmp d0, d18
  cset x2, eq
  uxtb w2, w2
  orr w1, w1, w2, LSL 13
  fcmp d0, d18
  cset x2, vs
  uxtb w2, w2
  orr w1, w1, w2, LSL 12
  orr w0, w0, w1
  and w0, w0, #4294840319
  fcmp d16, d18
  cset x1, mi
  uxtb w1, w1
  fcmp d16, d18
  cset x2, gt
  uxtb w2, w2
  lsl w2, w2, #14
  orr w1, w2, w1, LSL 15
  fcmp d16, d18
  cset x2, eq
  uxtb w2, w2
  orr w1, w1, w2, LSL 13
  fcmp d16, d18
  cset x2, vs
  uxtb w2, w2
  orr w1, w1, w2, LSL 12
  orr w0, w0, w1
  str w0, [x3, #652]
  ldr q16, [sp, #56]
  str q16, [x3, #232]
  ldr q30, [sp, #24]
  str q30, [x3, #216]
  ldr q16, [sp, #72]
  str q16, [x3, #200]
  ldr q29, [sp, #40]
  str q29, [x3, #184]
  movz w1, #768
  load_ext_name_far x2, User(userextname0)+0
  mov x0, x25
  blr x2
  load_ext_name_far x1, User(userextname31)+0
  movz x2, #0
  movz w3, #8
  movk w3, w3, #16, LSL #16
  load_ext_name_far x4, User(userextname1)+0
  mov x0, x26
  blr x4
  subs xzr, x0, #0
  mov x1, x0
  b.ne label39 ; b label38
block38:
  add sp, sp, #112
  ldp x19, x20, [sp], #16
  ldp x21, x22, [sp], #16
  ldp x23, x24, [sp], #16
  ldp x25, x26, [sp], #16
  ldp x27, x28, [sp], #16
  ldp fp, lr, [sp], #16
  ret
block41:
  add sp, sp, #112
  ldp x19, x20, [sp], #16
  ldp x21, x22, [sp], #16
  ldp x23, x24, [sp], #16
  ldp x25, x26, [sp], #16
  ldp x27, x28, [sp], #16
  ldp fp, lr, [sp], #16
  ret
