---
source: crates/ppcjit/src/test.rs
expression: disasm
---
  pushq %rbp
  unwind PushFrameRegs { offset_upward_to_caller_sp: 16 }
  movq %rsp, %rbp
  unwind DefineNewFrame { offset_upward_to_caller_sp: 16, offset_downward_to_clobbers: 48 }
  subq $0xb0, %rsp
  movq %rbx, 0x80(%rsp)
  unwind SaveReg { clobber_offset: 0, reg: p3i }
  movq %r12, 0x88(%rsp)
  unwind SaveReg { clobber_offset: 8, reg: p12i }
  movq %r13, 0x90(%rsp)
  unwind SaveReg { clobber_offset: 16, reg: p13i }
  movq %r14, 0x98(%rsp)
  unwind SaveReg { clobber_offset: 24, reg: p14i }
  movq %r15, 0xa0(%rsp)
  unwind SaveReg { clobber_offset: 32, reg: p15i }
block0:
  movq %rdx, %r15
  movq %rdi, <offset:1>+8(%rsp)
  movq %rsi, <offset:1>+0x10(%rsp)
  movl 0x2a8(%rsi), %eax
  shrl $0xd, %eax
  testb $0x1, %al
  jnz     label4; j label1
block3:
  movq %r15, %rdx
  movq <offset:1>+0x10(%rsp), %rsi
  movq <offset:1>+8(%rsp), %rdi
  return_call_unknown %r10 (0) tmp=%r11 %rdi=%rdi %rsi=%rsi %rdx=%rdx
block4:
  movq %r15, %rdx
  movq <offset:1>+0x10(%rsp), %rsi
  movl 0x84(%rsi), %ebx
  movq %rbx, %rax
  shrl $0x11, %eax
  movq (%rdx, %rax, 8), %rax
  testq %rax, %rax
  jnz     label10; j label5
block8:
  movq %r15, %rdx
  movq <offset:1>+0x10(%rsp), %rsi
  movq <offset:1>+8(%rsp), %rdi
  return_call_unknown %r10 (0) tmp=%r11 %rdi=%rdi %rsi=%rsi %rdx=%rdx
block9:
  movl <offset:1>+(%rsp), %r12d
  movq <offset:1>+0x10(%rsp), %rsi
  jmp     label11
block10:
  movq %rbx, %rcx
  andl $0x1ffff, %ecx
  movl (%rax, %rcx), %r12d
  bswapl %r12d
  movq <offset:1>+0x10(%rsp), %rsi
  jmp     label11
block11:
  movq <offset:1>+0x10(%rsp), %rsi
  movl (%rsi), %r14d
  leal 4(%rbx), %eax
  shrl $0x11, %eax
  movq %r15, %rdx
  movq (%rdx, %rax, 8), %rcx
  testq %rcx, %rcx
  jnz     label17; j label12
block15:
  movq %r15, %rdx
  movq <offset:1>+0x10(%rsp), %rsi
  movq <offset:1>+8(%rsp), %rdi
  return_call_unknown %r10 (0) tmp=%r11 %rdi=%rdi %rsi=%rsi %rdx=%rdx
block16:
  movl <offset:1>+(%rsp), %ebx
  movq <offset:1>+0x10(%rsp), %rsi
  jmp     label18
block17:
  leal 4(%rbx), %r11d
  andl $0x1ffff, %r11d
  movl (%rcx, %r11), %ebx
  bswapl %ebx
  movq <offset:1>+0x10(%rsp), %rsi
  jmp     label18
block18:
  movq <offset:1>+0x10(%rsp), %rsi
  movl 0x14(%rsi), %r13d
  movl 0x368(%rsi), %edx
  movq %rdx, <offset:1>+0x58(%rsp)
  leal 8(%r13), %esi
  vmovd %r12d, %xmm0
  uninit  %xmm1
  vxorpd %xmm1, %xmm1, %xmm1
  vcvtss2sd %xmm0, %xmm1, %xmm0
  vpshufd $0x44, %xmm0, %xmm0
  movdqu %xmm0, <offset:1>+0x68(%rsp)
  load_ext_name userextname11+0, %rax
  movq <offset:1>+8(%rsp), %rdi
  call    *%rax
  testb %al, %al
  jnz     label22; j label19
block21:
  movq %r15, %rdx
  movq <offset:1>+0x10(%rsp), %rsi
  movq <offset:1>+8(%rsp), %rdi
  return_call_unknown %r10 (0) tmp=%r11 %rdi=%rdi %rsi=%rsi %rdx=%rdx
block22:
  movzbl %al, %eax
  leal 8(%r13, %rax), %r12d
  movdqu <offset:1>+0x68(%rsp), %xmm0
  vpshufd $0xee, %xmm0, %xmm0
  movdqu %xmm0, <offset:1>+0x48(%rsp)
  load_ext_name userextname11+0, %rax
  movq <offset:1>+0x58(%rsp), %rdx
  movq %r12, %rsi
  movq <offset:1>+8(%rsp), %rdi
  call    *%rax
  testb %al, %al
  jnz     label26; j label23
block25:
  movq %r15, %rdx
  movq <offset:1>+0x10(%rsp), %rsi
  movq <offset:1>+8(%rsp), %rdi
  return_call_unknown %r10 (0) tmp=%r11 %rdi=%rdi %rsi=%rsi %rdx=%rdx
block26:
  movq <offset:1>+0x10(%rsp), %rsi
  movl 0x368(%rsi), %edx
  movq %rdx, <offset:1>+0x58(%rsp)
  leal 0x18(%r13), %esi
  load_ext_name userextname11+0, %rax
  movq <offset:1>+8(%rsp), %rdi
  movdqu <offset:1>+0x68(%rsp), %xmm0
  call    *%rax
  testb %al, %al
  jnz     label30; j label27
block29:
  movq %r15, %rdx
  movq <offset:1>+0x10(%rsp), %rsi
  movq <offset:1>+8(%rsp), %rdi
  return_call_unknown %r10 (0) tmp=%r11 %rdi=%rdi %rsi=%rsi %rdx=%rdx
block30:
  movzbl %al, %eax
  leal 0x18(%r13, %rax), %r12d
  load_ext_name userextname11+0, %rax
  movq <offset:1>+0x58(%rsp), %rdx
  movq %r12, %rsi
  movq <offset:1>+8(%rsp), %rdi
  movdqu <offset:1>+0x48(%rsp), %xmm0
  call    *%rax
  testb %al, %al
  jnz     label34; j label31
block33:
  movq %r15, %rdx
  movq <offset:1>+0x10(%rsp), %rsi
  movq <offset:1>+8(%rsp), %rdi
  return_call_unknown %r10 (0) tmp=%r11 %rdi=%rdi %rsi=%rsi %rdx=%rdx
block34:
  movq <offset:1>+0x10(%rsp), %rsi
  movl 0x368(%rsi), %edx
  movq %rdx, <offset:1>+0x58(%rsp)
  leal 0x20(%r13), %esi
  load_ext_name userextname11+0, %rax
  movq <offset:1>+8(%rsp), %rdi
  movdqu <offset:1>+0x68(%rsp), %xmm0
  call    *%rax
  testb %al, %al
  jnz     label38; j label35
block37:
  movq %r15, %rdx
  movq <offset:1>+0x10(%rsp), %rsi
  movq <offset:1>+8(%rsp), %rdi
  return_call_unknown %r10 (0) tmp=%r11 %rdi=%rdi %rsi=%rsi %rdx=%rdx
block38:
  movzbl %al, %esi
  leal 0x20(%r13, %rsi), %r12d
  load_ext_name userextname11+0, %r8
  movq <offset:1>+0x58(%rsp), %rdx
  movdqu <offset:1>+0x48(%rsp), %xmm0
  movq %r12, %rsi
  movq <offset:1>+8(%rsp), %rdi
  call    *%r8
  testb %al, %al
  jnz     label42; j label39
block41:
  movq %r15, %rdx
  movq <offset:1>+0x10(%rsp), %rsi
  movq <offset:1>+8(%rsp), %rdi
  return_call_unknown %r10 (0) tmp=%r11 %rdi=%rdi %rsi=%rsi %rdx=%rdx
block42:
  movq <offset:1>+0x10(%rsp), %rsi
  movl 0x368(%rsi), %edx
  movq %rdx, %r12
  leal 0x10(%r13), %esi
  vmovd %ebx, %xmm0
  uninit  %xmm1
  vxorpd %xmm1, %xmm1, %xmm1
  vcvtss2sd %xmm0, %xmm1, %xmm0
  vpshufd $0x44, %xmm0, %xmm0
  movdqu <offset:1>+0x68(%rsp), %xmm1
  vpblendw $0xf0, %xmm0, %xmm1, %xmm1
  movdqu %xmm1, <offset:1>+0x38(%rsp)
  movdqu %xmm0, <offset:1>+0x48(%rsp)
  load_ext_name userextname11+0, %rax
  movq <offset:1>+8(%rsp), %rdi
  movdqu <offset:1>+0x38(%rsp), %xmm0
  call    *%rax
  testb %al, %al
  jnz     label46; j label43
block45:
  movq %r15, %rdx
  movq <offset:1>+0x10(%rsp), %rsi
  movq <offset:1>+8(%rsp), %rdi
  return_call_unknown %r10 (0) tmp=%r11 %rdi=%rdi %rsi=%rsi %rdx=%rdx
block46:
  movzbl %al, %eax
  leal 0x10(%r13, %rax), %ebx
  movdqu <offset:1>+0x38(%rsp), %xmm0
  vpshufd $0xee, %xmm0, %xmm0
  load_ext_name userextname11+0, %rax
  movq %r12, %rdx
  movq %rbx, %rsi
  movq <offset:1>+8(%rsp), %rdi
  call    *%rax
  testb %al, %al
  jnz     label50; j label47
block49:
  movq %r15, %rdx
  movq <offset:1>+0x10(%rsp), %rsi
  movq <offset:1>+8(%rsp), %rdi
  return_call_unknown %r10 (0) tmp=%r11 %rdi=%rdi %rsi=%rsi %rdx=%rdx
block50:
  movq <offset:1>+0x10(%rsp), %rsi
  movl 0x368(%rsi), %edx
  movq %rdx, %r12
  movdqu <offset:1>+0x48(%rsp), %xmm0
  movdqu <offset:1>+0x68(%rsp), %xmm1
  vpalignr $0x8, %xmm0, %xmm1, %xmm0
  movdqu %xmm0, <offset:1>+0x28(%rsp)
  load_ext_name userextname11+0, %rax
  movq %r13, %rsi
  movq <offset:1>+8(%rsp), %rdi
  call    *%rax
  testb %al, %al
  jnz     label54; j label51
block53:
  movq %r15, %rdx
  movq <offset:1>+0x10(%rsp), %rsi
  movq <offset:1>+8(%rsp), %rdi
  return_call_unknown %r10 (0) tmp=%r11 %rdi=%rdi %rsi=%rsi %rdx=%rdx
block54:
  movzbl %al, %eax
  leal (%r13, %rax), %ebx
  movdqu <offset:1>+0x28(%rsp), %xmm0
  vpshufd $0xee, %xmm0, %xmm0
  movdqu %xmm0, <offset:1>+0x18(%rsp)
  load_ext_name userextname11+0, %rax
  movq %r12, %rdx
  movq %rbx, %rsi
  movq <offset:1>+8(%rsp), %rdi
  call    *%rax
  testb %al, %al
  jnz     label58; j label55
block57:
  movq %r15, %rdx
  movq <offset:1>+0x10(%rsp), %rsi
  movq <offset:1>+8(%rsp), %rdi
  return_call_unknown %r10 (0) tmp=%r11 %rdi=%rdi %rsi=%rsi %rdx=%rdx
block58:
  movq <offset:1>+0x10(%rsp), %rsi
  movl 0x368(%rsi), %edx
  movq %rdx, %r12
  leal 0x28(%r13), %esi
  load_ext_name userextname11+0, %rcx
  movq <offset:1>+8(%rsp), %rdi
  movdqu <offset:1>+0x28(%rsp), %xmm0
  call    *%rcx
  testb %al, %al
  jnz     label62; j label59
block61:
  movq %r15, %rdx
  movq <offset:1>+0x10(%rsp), %rsi
  movq <offset:1>+8(%rsp), %rdi
  return_call_unknown %r10 (0) tmp=%r11 %rdi=%rdi %rsi=%rsi %rdx=%rdx
block62:
  movzbl %al, %eax
  leal 0x28(%r13, %rax), %r13d
  load_ext_name userextname11+0, %rax
  movq %r12, %rdx
  movdqu <offset:1>+0x18(%rsp), %xmm0
  movq %r13, %rsi
  movq <offset:1>+8(%rsp), %rdi
  call    *%rax
  testb %al, %al
  jnz     label66; j label63
block65:
  movq %r15, %rdx
  movq <offset:1>+0x10(%rsp), %rsi
  movq <offset:1>+8(%rsp), %rdi
  return_call_unknown %r10 (0) tmp=%r11 %rdi=%rdi %rsi=%rsi %rdx=%rdx
block66:
  movq <offset:1>+0x10(%rsp), %rsi
  movdqu <offset:1>+0x48(%rsp), %xmm0
  vmovupd %xmm0, 0x98(%rsi)
  leal 0x28(%r14), %eax
  movl %eax, (%rsi)
  movdqu <offset:1>+0x68(%rsp), %xmm0
  vmovupd %xmm0, 0x88(%rsi)
  movdqu <offset:1>+0x38(%rsp), %xmm0
  vmovupd %xmm0, 0xa8(%rsi)
  movdqu <offset:1>+0x28(%rsp), %xmm0
  vmovupd %xmm0, 0xb8(%rsi)
  load_ext_name userextname37+0, %rsi
  uninit  %rdx
  xorq %rdx, %rdx
  movl $0x14000a, %ecx
  load_ext_name userextname1+0, %rax
  movq <offset:1>+8(%rsp), %rdi
  call    *%rax
  testq %rax, %rax
  movq %rax, %r10
  jnz     label68; j label67
block68:
  movq %r15, %rdx
  movq <offset:1>+0x10(%rsp), %rsi
  movq <offset:1>+8(%rsp), %rdi
  return_call_unknown %r10 (0) tmp=%r11 %rdi=%rdi %rsi=%rsi %rdx=%rdx
block1:
  movl $0x800, %esi
  load_ext_name userextname0+0, %rax
  movq <offset:1>+0x10(%rsp), %rdi
  call    *%rax
  load_ext_name userextname22+0, %rsi
  uninit  %rdx
  xorq %rdx, %rdx
  movl $0x20001, %ecx
  load_ext_name userextname1+0, %rax
  movq <offset:1>+8(%rsp), %rdi
  call    *%rax
  testq %rax, %rax
  movq %rax, %r10
  jnz     label3; j label2
block2:
  movq 0x80(%rsp), %rbx
  movq 0x88(%rsp), %r12
  movq 0x90(%rsp), %r13
  movq 0x98(%rsp), %r14
  movq 0xa0(%rsp), %r15
  addq $0xb0, %rsp
  movq %rbp, %rsp
  popq %rbp
  retq
block5:
  leaq <offset:1>+(%rsp), %rdx
  load_ext_name userextname4+0, %rax
  movq %rbx, %rsi
  movq <offset:1>+8(%rsp), %rdi
  call    *%rax
  testb %al, %al
  jnz     label9; j label6
block6:
  movq <offset:1>+0x10(%rsp), %rsi
  movl %ebx, 0x360(%rsi)
  movl $0x300, %esi
  load_ext_name userextname0+0, %rax
  movq <offset:1>+0x10(%rsp), %rdi
  call    *%rax
  load_ext_name userextname23+0, %rsi
  uninit  %rdx
  xorq %rdx, %rdx
  movl $0x20001, %ecx
  load_ext_name userextname1+0, %rax
  movq <offset:1>+8(%rsp), %rdi
  call    *%rax
  testq %rax, %rax
  movq %rax, %r10
  jnz     label8; j label7
block7:
  movq 0x80(%rsp), %rbx
  movq 0x88(%rsp), %r12
  movq 0x90(%rsp), %r13
  movq 0x98(%rsp), %r14
  movq 0xa0(%rsp), %r15
  addq $0xb0, %rsp
  movq %rbp, %rsp
  popq %rbp
  retq
block12:
  leal 4(%rbx), %esi
  leaq <offset:1>+(%rsp), %rdx
  load_ext_name userextname4+0, %r8
  movq <offset:1>+8(%rsp), %rdi
  call    *%r8
  testb %al, %al
  jnz     label16; j label13
block13:
  leal 4(%rbx), %esi
  movq <offset:1>+0x10(%rsp), %r9
  movl %esi, 0x360(%r9)
  vmovd %r12d, %xmm5
  uninit  %xmm3
  vxorpd %xmm3, %xmm3, %xmm6
  vcvtss2sd %xmm5, %xmm6, %xmm7
  vpshufd $0x44, %xmm7, %xmm5
  movq <offset:1>+0x10(%rsp), %rsi
  vmovupd %xmm5, 0x88(%rsi)
  leal 4(%r14), %esi
  movq <offset:1>+0x10(%rsp), %rax
  movl %esi, (%rax)
  movl $0x300, %esi
  load_ext_name userextname0+0, %r8
  movq <offset:1>+0x10(%rsp), %rdi
  call    *%r8
  load_ext_name userextname24+0, %rsi
  uninit  %rdx
  xorq %rdx, %rdx
  movl $0x40002, %ecx
  load_ext_name userextname1+0, %r8
  movq <offset:1>+8(%rsp), %rdi
  call    *%r8
  testq %rax, %rax
  movq %rax, %r10
  jnz     label15; j label14
block14:
  movq 0x80(%rsp), %rbx
  movq 0x88(%rsp), %r12
  movq 0x90(%rsp), %r13
  movq 0x98(%rsp), %r14
  movq 0xa0(%rsp), %r15
  addq $0xb0, %rsp
  movq %rbp, %rsp
  popq %rbp
  retq
block19:
  leal 8(%r13), %eax
  movq <offset:1>+0x10(%rsp), %rsi
  movl %eax, 0x360(%rsi)
  vmovd %ebx, %xmm0
  uninit  %xmm1
  vxorpd %xmm1, %xmm1, %xmm1
  vcvtss2sd %xmm0, %xmm1, %xmm0
  vpshufd $0x44, %xmm0, %xmm0
  vmovupd %xmm0, 0x98(%rsi)
  leal 8(%r14), %eax
  movl %eax, (%rsi)
  movdqu <offset:1>+0x68(%rsp), %xmm0
  vmovupd %xmm0, 0x88(%rsi)
  movl $0x300, %esi
  load_ext_name userextname0+0, %rax
  movq <offset:1>+0x10(%rsp), %rdi
  call    *%rax
  load_ext_name userextname25+0, %rsi
  uninit  %rdx
  xorq %rdx, %rdx
  movl $0x60003, %ecx
  load_ext_name userextname1+0, %rax
  movq <offset:1>+8(%rsp), %rdi
  call    *%rax
  testq %rax, %rax
  movq %rax, %r10
  jnz     label21; j label20
block20:
  movq 0x80(%rsp), %rbx
  movq 0x88(%rsp), %r12
  movq 0x90(%rsp), %r13
  movq 0x98(%rsp), %r14
  movq 0xa0(%rsp), %r15
  addq $0xb0, %rsp
  movq %rbp, %rsp
  popq %rbp
  retq
block23:
  movq <offset:1>+0x10(%rsp), %rsi
  movl %r12d, 0x360(%rsi)
  vmovd %ebx, %xmm0
  uninit  %xmm1
  vxorpd %xmm1, %xmm1, %xmm1
  vcvtss2sd %xmm0, %xmm1, %xmm0
  vpshufd $0x44, %xmm0, %xmm0
  vmovupd %xmm0, 0x98(%rsi)
  leal 8(%r14), %eax
  movl %eax, (%rsi)
  movdqu <offset:1>+0x68(%rsp), %xmm0
  vmovupd %xmm0, 0x88(%rsi)
  movl $0x300, %esi
  load_ext_name userextname0+0, %rax
  movq <offset:1>+0x10(%rsp), %rdi
  call    *%rax
  load_ext_name userextname26+0, %rsi
  uninit  %rdx
  xorq %rdx, %rdx
  movl $0x60003, %ecx
  load_ext_name userextname1+0, %rax
  movq <offset:1>+8(%rsp), %rdi
  call    *%rax
  testq %rax, %rax
  movq %rax, %r10
  jnz     label25; j label24
block24:
  movq 0x80(%rsp), %rbx
  movq 0x88(%rsp), %r12
  movq 0x90(%rsp), %r13
  movq 0x98(%rsp), %r14
  movq 0xa0(%rsp), %r15
  addq $0xb0, %rsp
  movq %rbp, %rsp
  popq %rbp
  retq
block27:
  leal 0x18(%r13), %eax
  movq <offset:1>+0x10(%rsp), %rsi
  movl %eax, 0x360(%rsi)
  vmovd %ebx, %xmm0
  uninit  %xmm1
  vxorpd %xmm1, %xmm1, %xmm1
  vcvtss2sd %xmm0, %xmm1, %xmm0
  vpshufd $0x44, %xmm0, %xmm0
  vmovupd %xmm0, 0x98(%rsi)
  leal 0x10(%r14), %eax
  movl %eax, (%rsi)
  movdqu <offset:1>+0x68(%rsp), %xmm1
  vmovupd %xmm1, 0x88(%rsi)
  vpblendw $0xf0, %xmm0, %xmm1, %xmm0
  vmovupd %xmm0, 0xa8(%rsi)
  movl $0x300, %esi
  load_ext_name userextname0+0, %rax
  movq <offset:1>+0x10(%rsp), %rdi
  call    *%rax
  load_ext_name userextname27+0, %rsi
  uninit  %rdx
  xorq %rdx, %rdx
  movl $0xa0005, %ecx
  load_ext_name userextname1+0, %rax
  movq <offset:1>+8(%rsp), %rdi
  call    *%rax
  testq %rax, %rax
  movq %rax, %r10
  jnz     label29; j label28
block28:
  movq 0x80(%rsp), %rbx
  movq 0x88(%rsp), %r12
  movq 0x90(%rsp), %r13
  movq 0x98(%rsp), %r14
  movq 0xa0(%rsp), %r15
  addq $0xb0, %rsp
  movq %rbp, %rsp
  popq %rbp
  retq
block31:
  movq <offset:1>+0x10(%rsp), %rsi
  movl %r12d, 0x360(%rsi)
  vmovd %ebx, %xmm0
  uninit  %xmm1
  vxorpd %xmm1, %xmm1, %xmm1
  vcvtss2sd %xmm0, %xmm1, %xmm0
  vpshufd $0x44, %xmm0, %xmm0
  vmovupd %xmm0, 0x98(%rsi)
  leal 0x10(%r14), %eax
  movl %eax, (%rsi)
  movdqu <offset:1>+0x68(%rsp), %xmm1
  vmovupd %xmm1, 0x88(%rsi)
  vpblendw $0xf0, %xmm0, %xmm1, %xmm0
  vmovupd %xmm0, 0xa8(%rsi)
  movl $0x300, %esi
  load_ext_name userextname0+0, %rax
  movq <offset:1>+0x10(%rsp), %rdi
  call    *%rax
  load_ext_name userextname28+0, %rsi
  uninit  %rdx
  xorq %rdx, %rdx
  movl $0xa0005, %ecx
  load_ext_name userextname1+0, %rax
  movq <offset:1>+8(%rsp), %rdi
  call    *%rax
  testq %rax, %rax
  movq %rax, %r10
  jnz     label33; j label32
block32:
  movq 0x80(%rsp), %rbx
  movq 0x88(%rsp), %r12
  movq 0x90(%rsp), %r13
  movq 0x98(%rsp), %r14
  movq 0xa0(%rsp), %r15
  addq $0xb0, %rsp
  movq %rbp, %rsp
  popq %rbp
  retq
block35:
  leal 0x20(%r13), %eax
  movq <offset:1>+0x10(%rsp), %rsi
  movl %eax, 0x360(%rsi)
  vmovd %ebx, %xmm0
  uninit  %xmm1
  vxorpd %xmm1, %xmm1, %xmm1
  vcvtss2sd %xmm0, %xmm1, %xmm0
  vpshufd $0x44, %xmm0, %xmm0
  vmovupd %xmm0, 0x98(%rsi)
  leal 0x18(%r14), %eax
  movl %eax, (%rsi)
  movdqu <offset:1>+0x68(%rsp), %xmm1
  vmovupd %xmm1, 0x88(%rsi)
  vpblendw $0xf0, %xmm0, %xmm1, %xmm1
  vmovupd %xmm1, 0xa8(%rsi)
  movdqu <offset:1>+0x68(%rsp), %xmm1
  vpalignr $0x8, %xmm0, %xmm1, %xmm0
  vmovupd %xmm0, 0xb8(%rsi)
  movl $0x300, %esi
  load_ext_name userextname0+0, %rax
  movq <offset:1>+0x10(%rsp), %rdi
  call    *%rax
  load_ext_name userextname29+0, %rsi
  uninit  %rdx
  xorq %rdx, %rdx
  movl $0xe0007, %ecx
  load_ext_name userextname1+0, %r8
  movq <offset:1>+8(%rsp), %rdi
  call    *%r8
  testq %rax, %rax
  movq %rax, %r10
  jnz     label37; j label36
block36:
  movq 0x80(%rsp), %rbx
  movq 0x88(%rsp), %r12
  movq 0x90(%rsp), %r13
  movq 0x98(%rsp), %r14
  movq 0xa0(%rsp), %r15
  addq $0xb0, %rsp
  movq %rbp, %rsp
  popq %rbp
  retq
block39:
  movq <offset:1>+0x10(%rsp), %rsi
  movl %r12d, 0x360(%rsi)
  vmovd %ebx, %xmm7
  uninit  %xmm5
  vxorpd %xmm5, %xmm5, %xmm0
  vcvtss2sd %xmm7, %xmm0, %xmm0
  vpshufd $0x44, %xmm0, %xmm7
  vmovupd %xmm7, 0x98(%rsi)
  leal 0x18(%r14), %r8d
  movl %r8d, (%rsi)
  movdqu <offset:1>+0x68(%rsp), %xmm0
  vmovupd %xmm0, 0x88(%rsi)
  vpblendw $0xf0, %xmm7, %xmm0, %xmm0
  vmovupd %xmm0, 0xa8(%rsi)
  movdqu <offset:1>+0x68(%rsp), %xmm0
  vpalignr $0x8, %xmm7, %xmm0, %xmm0
  vmovupd %xmm0, 0xb8(%rsi)
  movl $0x300, %esi
  load_ext_name userextname0+0, %rax
  movq <offset:1>+0x10(%rsp), %rdi
  call    *%rax
  load_ext_name userextname30+0, %rsi
  uninit  %rdx
  xorq %rdx, %rdx
  movl $0xe0007, %ecx
  load_ext_name userextname1+0, %rax
  movq <offset:1>+8(%rsp), %rdi
  call    *%rax
  testq %rax, %rax
  movq %rax, %r10
  jnz     label41; j label40
block40:
  movq 0x80(%rsp), %rbx
  movq 0x88(%rsp), %r12
  movq 0x90(%rsp), %r13
  movq 0x98(%rsp), %r14
  movq 0xa0(%rsp), %r15
  addq $0xb0, %rsp
  movq %rbp, %rsp
  popq %rbp
  retq
block43:
  leal 0x10(%r13), %eax
  movq <offset:1>+0x10(%rsp), %rsi
  movl %eax, 0x360(%rsi)
  movdqu <offset:1>+0x48(%rsp), %xmm0
  vmovupd %xmm0, 0x98(%rsi)
  leal 0x1c(%r14), %eax
  movl %eax, (%rsi)
  movdqu <offset:1>+0x68(%rsp), %xmm1
  vmovupd %xmm1, 0x88(%rsi)
  movdqu <offset:1>+0x38(%rsp), %xmm1
  vmovupd %xmm1, 0xa8(%rsi)
  movdqu <offset:1>+0x68(%rsp), %xmm4
  vpalignr $0x8, %xmm0, %xmm4, %xmm0
  vmovupd %xmm0, 0xb8(%rsi)
  movl $0x300, %esi
  load_ext_name userextname0+0, %rax
  movq <offset:1>+0x10(%rsp), %rdi
  call    *%rax
  load_ext_name userextname31+0, %rsi
  uninit  %rdx
  xorq %rdx, %rdx
  movl $0x100008, %ecx
  load_ext_name userextname1+0, %rax
  movq <offset:1>+8(%rsp), %rdi
  call    *%rax
  testq %rax, %rax
  movq %rax, %r10
  jnz     label45; j label44
block44:
  movq 0x80(%rsp), %rbx
  movq 0x88(%rsp), %r12
  movq 0x90(%rsp), %r13
  movq 0x98(%rsp), %r14
  movq 0xa0(%rsp), %r15
  addq $0xb0, %rsp
  movq %rbp, %rsp
  popq %rbp
  retq
block47:
  movq <offset:1>+0x10(%rsp), %rsi
  movl %ebx, 0x360(%rsi)
  movdqu <offset:1>+0x48(%rsp), %xmm0
  vmovupd %xmm0, 0x98(%rsi)
  leal 0x1c(%r14), %eax
  movl %eax, (%rsi)
  movdqu <offset:1>+0x68(%rsp), %xmm0
  vmovupd %xmm0, 0x88(%rsi)
  movdqu <offset:1>+0x38(%rsp), %xmm0
  vmovupd %xmm0, 0xa8(%rsi)
  movdqu <offset:1>+0x48(%rsp), %xmm0
  movdqu <offset:1>+0x68(%rsp), %xmm1
  vpalignr $0x8, %xmm0, %xmm1, %xmm0
  vmovupd %xmm0, 0xb8(%rsi)
  movl $0x300, %esi
  load_ext_name userextname0+0, %rax
  movq <offset:1>+0x10(%rsp), %rdi
  call    *%rax
  load_ext_name userextname32+0, %rsi
  uninit  %rdx
  xorq %rdx, %rdx
  movl $0x100008, %ecx
  load_ext_name userextname1+0, %rax
  movq <offset:1>+8(%rsp), %rdi
  call    *%rax
  testq %rax, %rax
  movq %rax, %r10
  jnz     label49; j label48
block48:
  movq 0x80(%rsp), %rbx
  movq 0x88(%rsp), %r12
  movq 0x90(%rsp), %r13
  movq 0x98(%rsp), %r14
  movq 0xa0(%rsp), %r15
  addq $0xb0, %rsp
  movq %rbp, %rsp
  popq %rbp
  retq
block51:
  movq <offset:1>+0x10(%rsp), %rsi
  movl %r13d, 0x360(%rsi)
  movdqu <offset:1>+0x48(%rsp), %xmm0
  vmovupd %xmm0, 0x98(%rsi)
  leal 0x20(%r14), %eax
  movl %eax, (%rsi)
  movdqu <offset:1>+0x68(%rsp), %xmm0
  vmovupd %xmm0, 0x88(%rsi)
  movdqu <offset:1>+0x38(%rsp), %xmm0
  vmovupd %xmm0, 0xa8(%rsi)
  movdqu <offset:1>+0x28(%rsp), %xmm0
  vmovupd %xmm0, 0xb8(%rsi)
  movl $0x300, %esi
  load_ext_name userextname0+0, %rax
  movq <offset:1>+0x10(%rsp), %rdi
  call    *%rax
  load_ext_name userextname33+0, %rsi
  uninit  %rdx
  xorq %rdx, %rdx
  movl $0x120009, %ecx
  load_ext_name userextname1+0, %rax
  movq <offset:1>+8(%rsp), %rdi
  call    *%rax
  testq %rax, %rax
  movq %rax, %r10
  jnz     label53; j label52
block52:
  movq 0x80(%rsp), %rbx
  movq 0x88(%rsp), %r12
  movq 0x90(%rsp), %r13
  movq 0x98(%rsp), %r14
  movq 0xa0(%rsp), %r15
  addq $0xb0, %rsp
  movq %rbp, %rsp
  popq %rbp
  retq
block55:
  movq <offset:1>+0x10(%rsp), %rsi
  movl %ebx, 0x360(%rsi)
  movdqu <offset:1>+0x48(%rsp), %xmm0
  vmovupd %xmm0, 0x98(%rsi)
  leal 0x20(%r14), %eax
  movl %eax, (%rsi)
  movdqu <offset:1>+0x68(%rsp), %xmm0
  vmovupd %xmm0, 0x88(%rsi)
  movdqu <offset:1>+0x38(%rsp), %xmm0
  vmovupd %xmm0, 0xa8(%rsi)
  movdqu <offset:1>+0x28(%rsp), %xmm0
  vmovupd %xmm0, 0xb8(%rsi)
  movl $0x300, %esi
  load_ext_name userextname0+0, %rax
  movq <offset:1>+0x10(%rsp), %rdi
  call    *%rax
  load_ext_name userextname34+0, %rsi
  uninit  %rdx
  xorq %rdx, %rdx
  movl $0x120009, %ecx
  load_ext_name userextname1+0, %rax
  movq <offset:1>+8(%rsp), %rdi
  call    *%rax
  testq %rax, %rax
  movq %rax, %r10
  jnz     label57; j label56
block56:
  movq 0x80(%rsp), %rbx
  movq 0x88(%rsp), %r12
  movq 0x90(%rsp), %r13
  movq 0x98(%rsp), %r14
  movq 0xa0(%rsp), %r15
  addq $0xb0, %rsp
  movq %rbp, %rsp
  popq %rbp
  retq
block59:
  leal 0x28(%r13), %esi
  movq <offset:1>+0x10(%rsp), %rax
  movl %esi, 0x360(%rax)
  movq <offset:1>+0x10(%rsp), %rsi
  movdqu <offset:1>+0x48(%rsp), %xmm0
  vmovupd %xmm0, 0x98(%rsi)
  leal 0x24(%r14), %esi
  movl %esi, (%rax)
  movq <offset:1>+0x10(%rsp), %rsi
  movdqu <offset:1>+0x68(%rsp), %xmm0
  vmovupd %xmm0, 0x88(%rsi)
  movdqu <offset:1>+0x38(%rsp), %xmm0
  vmovupd %xmm0, 0xa8(%rsi)
  movdqu <offset:1>+0x28(%rsp), %xmm0
  vmovupd %xmm0, 0xb8(%rsi)
  movl $0x300, %esi
  load_ext_name userextname0+0, %r9
  movq <offset:1>+0x10(%rsp), %rdi
  call    *%r9
  load_ext_name userextname35+0, %rsi
  uninit  %rdx
  xorq %rdx, %rdx
  movl $0x14000a, %ecx
  load_ext_name userextname1+0, %r10
  movq <offset:1>+8(%rsp), %rdi
  call    *%r10
  testq %rax, %rax
  movq %rax, %r10
  jnz     label61; j label60
block60:
  movq 0x80(%rsp), %rbx
  movq 0x88(%rsp), %r12
  movq 0x90(%rsp), %r13
  movq 0x98(%rsp), %r14
  movq 0xa0(%rsp), %r15
  addq $0xb0, %rsp
  movq %rbp, %rsp
  popq %rbp
  retq
block63:
  movq <offset:1>+0x10(%rsp), %rsi
  movl %r13d, 0x360(%rsi)
  movdqu <offset:1>+0x48(%rsp), %xmm0
  vmovupd %xmm0, 0x98(%rsi)
  leal 0x24(%r14), %eax
  movl %eax, (%rsi)
  movdqu <offset:1>+0x68(%rsp), %xmm0
  vmovupd %xmm0, 0x88(%rsi)
  movdqu <offset:1>+0x38(%rsp), %xmm0
  vmovupd %xmm0, 0xa8(%rsi)
  movdqu <offset:1>+0x28(%rsp), %xmm0
  vmovupd %xmm0, 0xb8(%rsi)
  movl $0x300, %esi
  load_ext_name userextname0+0, %rax
  movq <offset:1>+0x10(%rsp), %rdi
  call    *%rax
  load_ext_name userextname36+0, %rsi
  uninit  %rdx
  xorq %rdx, %rdx
  movl $0x14000a, %ecx
  load_ext_name userextname1+0, %rax
  movq <offset:1>+8(%rsp), %rdi
  call    *%rax
  testq %rax, %rax
  movq %rax, %r10
  jnz     label65; j label64
block64:
  movq 0x80(%rsp), %rbx
  movq 0x88(%rsp), %r12
  movq 0x90(%rsp), %r13
  movq 0x98(%rsp), %r14
  movq 0xa0(%rsp), %r15
  addq $0xb0, %rsp
  movq %rbp, %rsp
  popq %rbp
  retq
block67:
  movq 0x80(%rsp), %rbx
  movq 0x88(%rsp), %r12
  movq 0x90(%rsp), %r13
  movq 0x98(%rsp), %r14
  movq 0xa0(%rsp), %r15
  addq $0xb0, %rsp
  movq %rbp, %rsp
  popq %rbp
  retq
